******************************************************************************
                  TI ARM Linker PC v18.12.3                    
******************************************************************************
>> Linked Fri Feb 21 00:43:36 2020

OUTPUT FILE NAME:   <week8_project_zero_app_CC13X2R1_LAUNCHXL_tirtos_ccs.out>
ENTRY POINT SYMBOL: "ResetISR"  address: 00016b4d


MEMORY CONFIGURATION

         name            origin    length      used     unused   attr    fill
----------------------  --------  ---------  --------  --------  ----  --------
  FLASH_IMG_HDR         00000000   00000090  0000008d  00000003  R  X
  ENTRY                 00000090   00000040  0000003c  00000004  R  X
  FLASH                 000000d0   000560d0  0002607d  00030053  R  X
  RTOS_SRAM             20000000   0000012c  000000e4  00000048  RW X
  SRAM                  20000fdf   00013021  00003614  0000fa0d  RW X


SEGMENT ALLOCATION MAP

run origin  load origin   length   init length attrs members
----------  ----------- ---------- ----------- ----- -------
00000000    00000000    00022150   00022150    r-x
  00000000    00000000    0000008d   0000008d    r-- .image_header
  00000090    00000090    0000003c   0000003c    r-- .resetVecs
  000000d0    000000d0    0001c370   0001c370    r-x .text
  0001c440    0001c440    000039ed   000039ed    r-- .const
  0001fe30    0001fe30    00000208   00000208    r-- .rodata
  00020038    00020038    00002118   00002118    r-- .cinit
00048000    00048000    00004000   00000000    rw-
  00048000    00048000    00004000   00000000    rw- .TI.bound:flashBuf0
20000100    20000100    0000000c   00000000    rw-
  20000100    20000100    00000004   00000000    rw- .data:xdcRomConstPtr
  20000104    20000104    00000004   00000000    rw- .data:xdcRomExternFuncPtr
  20000108    20000108    00000004   00000000    rw- .data:xdcRomStatePtr
20001830    20001830    00000010   00000000    rw-
  20001830    20001830    00000010   00000000    rw- .TI.bound:dmaSpi0RxControlTableEntry
20001840    20001840    00000010   00000000    rw-
  20001840    20001840    00000010   00000000    rw- .TI.bound:dmaSpi0TxControlTableEntry
20001900    20001900    00000010   00000000    rw-
  20001900    20001900    00000010   00000000    rw- .TI.bound:dmaSpi1RxControlTableEntry
20001910    20001910    00000010   00000000    rw-
  20001910    20001910    00000010   00000000    rw- .TI.bound:dmaSpi1TxControlTableEntry
20001a30    20001a30    00000010   00000000    rw-
  20001a30    20001a30    00000010   00000000    rw- .TI.bound:dmaSpi0RxAltControlTableEntry
20001a40    20001a40    00000010   00000000    rw-
  20001a40    20001a40    00000010   00000000    rw- .TI.bound:dmaSpi0TxAltControlTableEntry
20001b00    20001b00    00000010   00000000    rw-
  20001b00    20001b00    00000010   00000000    rw- .TI.bound:dmaSpi1RxAltControlTableEntry
20001b10    20001b10    000031a4   00000000    rw-
  20001b10    20001b10    00000010   00000000    rw- .TI.bound:dmaSpi1TxAltControlTableEntry
  20001b20    20001b20    0000203c   00000000    rw- .data
  20003b60    20003b60    00001154   00000000    rw- .bss
20013c00    20013c00    00000400   00000000    rw-
  20013c00    20013c00    00000400   00000000    rw- .stack


SECTION ALLOCATION MAP

 output                                  attributes/
section   page    origin      length       input sections
--------  ----  ----------  ----------   ----------------
.data:xdcRomConstPtr 
*          0    20000100    00000004     UNINITIALIZED
                  20000100    00000004     project_zero_app_pem4f.oem4f (.data:xdcRomConstPtr)

.data:xdcRomExternFuncPtr 
*          0    20000104    00000004     UNINITIALIZED
                  20000104    00000004     project_zero_app_pem4f.oem4f (.data:xdcRomExternFuncPtr)

.data:xdcRomStatePtr 
*          0    20000108    00000004     UNINITIALIZED
                  20000108    00000004     project_zero_app_pem4f.oem4f (.data:xdcRomStatePtr)

.bootVecs 
*          0    00000000    00000008     DSECT
                  00000000    00000008     boot.aem4f : boot.oem4f (.bootVecs)

.resetVecs 
*          0    00000090    0000003c     
                  00000090    0000003c     project_zero_app_pem4f.oem4f (.resetVecs)

.vecs      0    20000000    000000d8     NOLOAD SECTION
                  20000000    000000d8     project_zero_app_pem4f.oem4f (.vecs)

xdc.meta   0    00000000    00000116     COPY SECTION
                  00000000    00000116     project_zero_app_pem4f.oem4f (xdc.meta)

xdc.noload 
*          0    00000000    00000000     COPY SECTION

.image_header 
*          0    00000000    0000008d     
                  00000000    0000008d     oad_image_header_app.obj (.image_header:retain)

.resetVecs 
*          0    00000090    00000000     UNINITIALIZED

.intvecs   0    00000090    00000000     UNINITIALIZED

EntrySection 
*          0    00000090    00000000     UNINITIALIZED

.cinit     0    00020038    00002118     
                  00020038    00002044     (.cinit..data.load) [load image]
                  0002207c    0000000c     (__TI_handler_table)
                  00022088    00000008     (.cinit..TI.bound:dmaSpi0RxAltControlTableEntry.load) [load image, compression = zero_init]
                  00022090    00000008     (.cinit..TI.bound:dmaSpi0RxControlTableEntry.load) [load image, compression = zero_init]
                  00022098    00000008     (.cinit..TI.bound:dmaSpi0TxAltControlTableEntry.load) [load image, compression = zero_init]
                  000220a0    00000008     (.cinit..TI.bound:dmaSpi0TxControlTableEntry.load) [load image, compression = zero_init]
                  000220a8    00000008     (.cinit..TI.bound:dmaSpi1RxAltControlTableEntry.load) [load image, compression = zero_init]
                  000220b0    00000008     (.cinit..TI.bound:dmaSpi1RxControlTableEntry.load) [load image, compression = zero_init]
                  000220b8    00000008     (.cinit..TI.bound:dmaSpi1TxAltControlTableEntry.load) [load image, compression = zero_init]
                  000220c0    00000008     (.cinit..TI.bound:dmaSpi1TxControlTableEntry.load) [load image, compression = zero_init]
                  000220c8    00000008     (.cinit..bss.load) [load image, compression = zero_init]
                  000220d0    00000008     (.cinit..data:xdcRomConstPtr.load) [load image, compression = lzss]
                  000220d8    00000008     (.cinit..data:xdcRomExternFuncPtr.load) [load image, compression = lzss]
                  000220e0    00000008     (.cinit..data:xdcRomStatePtr.load) [load image, compression = lzss]
                  000220e8    00000068     (__TI_cinit_table)

.TI.bound:flashBuf0 
*          0    00048000    00004000     UNINITIALIZED
                  00048000    00004000     ti_drivers_config.obj (.TI.bound:flashBuf0)

.TI.bound:dmaSpi0RxControlTableEntry 
*          0    20001830    00000010     UNINITIALIZED
                  20001830    00000010     drivers_cc13x2.aem4f : SPICC26X2DMA.oem4f (.TI.bound:dmaSpi0RxControlTableEntry)

.TI.bound:dmaSpi0TxControlTableEntry 
*          0    20001840    00000010     UNINITIALIZED
                  20001840    00000010     drivers_cc13x2.aem4f : SPICC26X2DMA.oem4f (.TI.bound:dmaSpi0TxControlTableEntry)

.TI.bound:dmaSpi1RxControlTableEntry 
*          0    20001900    00000010     UNINITIALIZED
                  20001900    00000010     drivers_cc13x2.aem4f : SPICC26X2DMA.oem4f (.TI.bound:dmaSpi1RxControlTableEntry)

.TI.bound:dmaSpi1TxControlTableEntry 
*          0    20001910    00000010     UNINITIALIZED
                  20001910    00000010     drivers_cc13x2.aem4f : SPICC26X2DMA.oem4f (.TI.bound:dmaSpi1TxControlTableEntry)

.TI.bound:dmaSpi0RxAltControlTableEntry 
*          0    20001a30    00000010     UNINITIALIZED
                  20001a30    00000010     drivers_cc13x2.aem4f : SPICC26X2DMA.oem4f (.TI.bound:dmaSpi0RxAltControlTableEntry)

.TI.bound:dmaSpi0TxAltControlTableEntry 
*          0    20001a40    00000010     UNINITIALIZED
                  20001a40    00000010     drivers_cc13x2.aem4f : SPICC26X2DMA.oem4f (.TI.bound:dmaSpi0TxAltControlTableEntry)

.TI.bound:dmaSpi1RxAltControlTableEntry 
*          0    20001b00    00000010     UNINITIALIZED
                  20001b00    00000010     drivers_cc13x2.aem4f : SPICC26X2DMA.oem4f (.TI.bound:dmaSpi1RxAltControlTableEntry)

.TI.bound:dmaSpi1TxAltControlTableEntry 
*          0    20001b10    00000010     UNINITIALIZED
                  20001b10    00000010     drivers_cc13x2.aem4f : SPICC26X2DMA.oem4f (.TI.bound:dmaSpi1TxAltControlTableEntry)

.data      0    20001b20    0000203c     UNINITIALIZED
                  20001b20    00000a30     project_zero.obj (.data:$O5$$)
                  20002550    000005b8     UartLog.obj (.data:$O21$$)
                  20002b08    000001d4     oad.obj (.data:$O10$$)
                  20002cdc    000001d4     devinfoservice.obj (.data:$O16$$)
                  20002eb0    00000110     drivers_cc13x2.aem4f : PowerCC26X2.oem4f (.data:PowerCC26X2_module)
                  20002fc0    0000010c     project_zero_app_pem4f.oem4f (.data:ROM_stateStruct)
                  200030cc    000000f0     StackWrapper_coc.a : gapbondmgr.o (.data)
                  200031bc    000000b0     OneLib_coc.a : gapgattserver.o (.data)
                  2000326c    000000ac     data_service.obj (.data:$O14$$)
                  20003318    0000009c     icall.obj (.data:$O22$$)
                  200033b4    00000090     scif_framework.obj (.data:$O7$$)
                  20003444    00000084     button_service.obj (.data:$O12$$)
                  200034c8    00000060     ti_ble_config.obj (.data:$O1$$)
                  20003528    00000060     nvocmp.obj (.data:$O8$$)
                  20003588    0000005c     led_service.obj (.data:$O18$$)
                  200035e4    00000058     OneLib_coc.a : ll_config.o (.data)
                  2000363c    00000050     ti_radio_config.obj (.data:RF_BLE_txPowerTable)
                  2000368c    0000004c     acclService.obj (.data:$O2$$)
                  200036d8    0000004c     project_zero_app_pem4f.oem4f (.data:ti_sysbios_knl_Task_Object__table__V)
                  20003724    00000004     OneLib_coc.a : ll_slave_end_causes.o (.data)
                  20003728    00000048     project_zero_app_pem4f.oem4f (.data:ti_sysbios_family_arm_cc26xx_Timer_Object__table__V)
                  20003770    00000040     OneLib_coc.a : gattservapp.o (.data)
                  200037b0    00000040     ble_user_config.obj (.data:eccParams_NISTP256)
                  200037f0    00000038     project_zero_app_pem4f.oem4f (.data:ti_sysbios_gates_GateMutex_Object__table__V)
                  20003828    00000030     icall_user_config.obj (.data:nvintfFncStruct)
                  20003858    00000030     project_zero_app_pem4f.oem4f (.data:ti_sysbios_knl_Swi_Module_State_0_readyQ__A)
                  20003888    00000030     project_zero_app_pem4f.oem4f (.data:ti_sysbios_knl_Swi_Object__table__V)
                  200038b8    00000030     project_zero_app_pem4f.oem4f (.data:ti_sysbios_knl_Task_Module_State_0_readyQ__A)
                  200038e8    0000002c     ti_radio_config.obj (.data:pOverrides_bleCommon)
                  20003914    00000004     StackWrapper_coc.a : hal_assert.o (.data)
                  20003918    00000020     drivers_cc13x2.aem4f : TRNGCC26XX.oem4f (.data:entropyPoolBuffer)
                  20003938    00000020     project_zero_app_pem4f.oem4f (.data:ti_sysbios_knl_Clock_Object__table__V)
                  20003958    00000020     project_zero_app_pem4f.oem4f (.data:xdc_runtime_Error_IgnoreBlock)
                  20003978    00000018     flash_interface_ext_rtos_NVS.obj (.data:$O9$$)
                  20003990    00000018     project_zero_app_pem4f.oem4f (.data:ti_sysbios_family_arm_m3_Hwi_Object__table__V)
                  200039a8    00000014     ti_drivers_config.obj (.data:gpioCallbackFunctions)
                  200039bc    00000014     ti_drivers_config.obj (.data:gpioPinConfigs)
                  200039d0    00000010     OneLib_coc.a : ll.o (.data)
                  200039e0    00000010                  : ll_data.o (.data)
                  200039f0    00000010     StackWrapper_coc.a : osal.o (.data)
                  20003a00    00000010     icall_user_config.obj (.data:bleAppServiceInfoTable)
                  20003a10    00000010     icall_api_lite.obj (.data)
                  20003a20    00000010     ti_radio_config.obj (.data:pOverrides_ble2Mbps)
                  20003a30    00000010     ti_radio_config.obj (.data:pOverrides_bleCoded)
                  20003a40    00000010     main.obj (.data:user0Cfg)
                  20003a50    0000000c     ti_radio_config.obj (.data:pOverrides_ble1Mbps)
                  20003a5c    0000000c     project_zero_app_pem4f.oem4f (.data:ti_sysbios_heaps_HeapCallback_Object__table__V)
                  20003a68    00000009     devinfoservice.obj (.data)
                  20003a71    00000003     scif_framework.obj (.data)
                  20003a74    00000008     icall_cc2650.obj (.data:$O24$$)
                  20003a7c    00000008     ble_user_config.obj (.data:$O25$$)
                  20003a84    00000008     rtsv7M4_T_le_v4SPD16_eabi.lib : _lock.c.obj (.data:$O28$$)
                  20003a8c    00000008     OneLib_coc.a : gapgattserver.o (.data)
                  20003a94    00000008     drivers_cc13x2.aem4f : PINCC26XX.oem4f (.data)
                  20003a9c    00000008                          : TRNGCC26XX.oem4f (.data:jobList)
                  20003aa4    00000008     project_zero_app_pem4f.oem4f (.data:ti_sysbios_family_arm_m3_Hwi_Module__root__V)
                  20003aac    00000008     project_zero_app_pem4f.oem4f (.data:ti_sysbios_gates_GateHwi_Module__root__V)
                  20003ab4    00000008     project_zero_app_pem4f.oem4f (.data:ti_sysbios_gates_GateMutexPri_Module__root__V)
                  20003abc    00000008     project_zero_app_pem4f.oem4f (.data:ti_sysbios_gates_GateMutex_Module__root__V)
                  20003ac4    00000008     project_zero_app_pem4f.oem4f (.data:ti_sysbios_hal_Hwi_Module__root__V)
                  20003acc    00000008     project_zero_app_pem4f.oem4f (.data:ti_sysbios_heaps_HeapCallback_Module__root__V)
                  20003ad4    00000008     project_zero_app_pem4f.oem4f (.data:ti_sysbios_heaps_HeapMem_Module__root__V)
                  20003adc    00000008     project_zero_app_pem4f.oem4f (.data:ti_sysbios_knl_Clock_Module__root__V)
                  20003ae4    00000008     project_zero_app_pem4f.oem4f (.data:ti_sysbios_knl_Event_Module__root__V)
                  20003aec    00000008     project_zero_app_pem4f.oem4f (.data:ti_sysbios_knl_Mailbox_Module__root__V)
                  20003af4    00000008     project_zero_app_pem4f.oem4f (.data:ti_sysbios_knl_Queue_Module__root__V)
                  20003afc    00000008     project_zero_app_pem4f.oem4f (.data:ti_sysbios_knl_Semaphore_Module__root__V)
                  20003b04    00000008     project_zero_app_pem4f.oem4f (.data:ti_sysbios_knl_Swi_Module__root__V)
                  20003b0c    00000008     project_zero_app_pem4f.oem4f (.data:ti_sysbios_knl_Task_Module__root__V)
                  20003b14    00000005     drivers_cc13x2.aem4f : GPIOCC26XX.oem4f (.data)
                  20003b19    00000001     OneLib_coc.a : gapgattserver.o (.data)
                  20003b1a    00000002                  : ll_config.o (.data)
                  20003b1c    00000004     ble_user_config_stack.obj (.data)
                  20003b20    00000004     drivers_cc13x2.aem4f : GPIOCC26XX.oem4f (.data:gpioPinTable)
                  20003b24    00000004     rtsv7M4_T_le_v4SPD16_eabi.lib : stkdepth_vars.c.obj (.data)
                  20003b28    00000004     project_zero_app_pem4f.oem4f (.data:ti_sysbios_family_arm_m3_Hwi_Module_State_0_excContext__A)
                  20003b2c    00000004     project_zero_app_pem4f.oem4f (.data:ti_sysbios_family_arm_m3_Hwi_Module_State_0_excStack__A)
                  20003b30    00000004     project_zero_app_pem4f.oem4f (.data:ti_sysbios_knl_Task_Module_State_0_idleTask__A)
                  20003b34    00000002     OneLib_coc.a : ll_master_end_causes.o (.data)
                  20003b36    00000002     StackWrapper_coc.a : osal_cbtimer.o (.data)
                  20003b38    00000002     button_service.obj (.data)
                  20003b3a    00000002     data_service.obj (.data)
                  20003b3c    00000002     drivers_cc13x2.aem4f : CryptoResourceCC26XX.oem4f (.data)
                  20003b3e    00000002                          : PKAResourceCC26XX.oem4f (.data)
                  20003b40    00000002                          : TRNGCC26XX.oem4f (.data)
                  20003b42    00000002     led_service.obj (.data)
                  20003b44    00000002     oad.obj (.data)
                  20003b46    00000002     project_zero_app_pem4f.oem4f (.data:ti_sysbios_family_arm_m3_Hwi_Module_State_0_excActive__A)
                  20003b48    00000001     OneLib_coc.a : gapgattserver.o (.data)
                  20003b49    00000001                  : gapgattserver.o (.data)
                  20003b4a    00000001                  : gapgattserver.o (.data)
                  20003b4b    00000001                  : gapgattserver.o (.data)
                  20003b4c    00000001                  : gapgattserver.o (.data)
                  20003b4d    00000001                  : ll_data.o (.data)
                  20003b4e    00000001                  : ll_scheduler.o (.data)
                  20003b4f    00000001     StackWrapper_coc.a : gap.o (.data)
                  20003b50    00000001                        : gap.o (.data)
                  20003b51    00000001                        : hal_assert.o (.data)
                  20003b52    00000001     acclService.obj (.data)
                  20003b53    00000001     drivers_cc13x2.aem4f : AESCCMCC26XX.oem4f (.data)
                  20003b54    00000001                          : AESCTRCC26XX.oem4f (.data)
                  20003b55    00000001                          : AESCTRDRBGXX.oem4f (.data)
                  20003b56    00000001                          : AESECBCC26XX.oem4f (.data)
                  20003b57    00000001                          : ECDHCC26X2.oem4f (.data)
                  20003b58    00000001                          : NVS.oem4f (.data)
                  20003b59    00000001                          : SPI.oem4f (.data)
                  20003b5a    00000001                          : UART.oem4f (.data)
                  20003b5b    00000001     rf_multiMode_cc13x2.aem4f : rf_patch_cpe_multi_protocol_rtls.c.cc13x2.ccs.o (.data)

.bss       0    20003b60    00001154     UNINITIALIZED
                  20003b60    00000470     rf_multiMode_cc13x2.aem4f : RFCC26X2_multiMode.c.cc13x2.ccs.o (.bss:$O1$$)
                  20003fd0    00000300     project_zero_app_pem4f.oem4f (.bss:taskStackSection)
                  200042d0    0000012c     (.common:uartCC26XXObjects)
                  200043fc    00000100     (.common:crcBuf)
                  200044fc    000000d8     (.common:ti_sysbios_family_arm_m3_Hwi_dispatchTable)
                  200045d4    000000d4     (.common:spiCC26X2DMAObjects)
                  200046a8    0000007c     (.common:pinHandleTable)
                  20004724    00000078     StackWrapper_coc.a : osal_cbtimer.o (.bss)
                  2000479c    00000058     (.common:aesctrdrbgXXObjects)
                  200047f4    0000004c     (.common:trngCC26XXObjects)
                  20004840    00000040     ti_drivers_config.obj (.bss:verifyBuf)
                  20004880    00000034     drivers_cc13x2.aem4f : PINCC26XX.oem4f (.bss:pinSwi)
                  200048b4    00000030     StackWrapper_coc.a : osal_snv_wrapper.o (.bss)
                  200048e4    00000024     OneLib_coc.a : ll_common.o (.bss)
                  20004908    00000020     StackWrapper_coc.a : gapbondmgr.o (.bss)
                  20004928    00000020                        : gapbondmgr.o (.bss)
                  20004948    00000020     drivers_cc13x2.aem4f : GPIOCC26XX.oem4f (.bss:gpioCallbackInfo)
                  20004968    00000020                          : PINCC26XX.oem4f (.bss:pinGpioConfigTable)
                  20004988    00000020     ti_drivers_config.obj (.bss:uartCC26XXRingBuffer0)
                  200049a8    00000020     (.common:ecdhCC26X2Objects)
                  200049c8    00000020     (.common:udmaCC26XXObject)
                  200049e8    0000001c     driverlib.lib : osc.obj (.bss:$O26$$)
                  20004a04    0000001c     drivers_cc13x2.aem4f : TRNGCC26XX.oem4f (.bss:TRNGCC26XX_hwi)
                  20004a20    0000001c                          : TRNGCC26XX.oem4f (.bss:entropyPool)
                  20004a3c    0000001c                          : PINCC26XX.oem4f (.bss:pinHwi)
                  20004a58    0000001c                          : PINCC26XX.oem4f (.bss:pinSemaphore)
                  20004a74    0000001c     (.common:CryptoResourceCC26XX_accessSemaphore)
                  20004a90    0000001c     (.common:CryptoResourceCC26XX_hwi)
                  20004aac    0000001c     (.common:CryptoResourceCC26XX_operationSemaphore)
                  20004ac8    0000001c     (.common:PKAResourceCC26XX_accessSemaphore)
                  20004ae4    0000001c     (.common:PKAResourceCC26XX_hwi)
                  20004b00    0000001c     (.common:PKAResourceCC26XX_operationSemaphore)
                  20004b1c    00000018     OneLib_coc.a : gapgattserver.o (.bss)
                  20004b34    00000018     (.common:aesccmCC26XXObjects)
                  20004b4c    00000018     (.common:aesctrCC26XXObjects)
                  20004b64    00000018     (.common:aesecbCC26XXObjects)
                  20004b7c    00000014     rf_multiMode_cc13x2.aem4f : RFCC26X2_multiMode.c.cc13x2.ccs.o (.bss:RF_ratSyncCmd)
                  20004b90    00000014     drivers_cc13x2.aem4f : Random.oem4f (.bss:state)
                  20004ba4    00000010                          : NVSSPI25X.oem4f (.bss:spiHandles)
                  20004bb4    0000000c     OneLib_coc.a : ll.o (.bss)
                  20004bc0    0000000c                  : ll_scheduler.o (.bss)
                  20004bcc    0000000c     drivers_cc13x2.aem4f : NVSCC26XX.oem4f (.bss)
                  20004bd8    0000000c                          : NVSSPI25X.oem4f (.bss)
                  20004be4    0000000c                          : GPIOCC26XX.oem4f (.bss:gpioPinState)
                  20004bf0    0000000c     (.common:nvsSPI25XObjects)
                  20004bfc    00000008     OneLib_coc.a : ll.o (.bss)
                  20004c04    00000008     StackWrapper_coc.a : rtls_srv.o (.bss)
                  20004c0c    00000008     drivers_cc13x2.aem4f : GPIOCC26XX.oem4f (.bss)
                  20004c14    00000004     OneLib_coc.a : gapgattserver.o (.bss)
                  20004c18    00000004                  : ll.o (.bss)
                  20004c1c    00000004                  : ll.o (.bss)
                  20004c20    00000004                  : ll.o (.bss)
                  20004c24    00000004                  : ll.o (.bss)
                  20004c28    00000004                  : ll.o (.bss)
                  20004c2c    00000004                  : ll.o (.bss)
                  20004c30    00000004                  : ll_common.o (.bss)
                  20004c34    00000004                  : ll_enc.o (.bss)
                  20004c38    00000004                  : ll_privacy.o (.bss)
                  20004c3c    00000004     StackWrapper_coc.a : gapbondmgr.o (.bss)
                  20004c40    00000004                        : gapbondmgr.o (.bss)
                  20004c44    00000004                        : osal.o (.bss)
                  20004c48    00000004                        : osal.o (.bss)
                  20004c4c    00000004                        : osal.o (.bss)
                  20004c50    00000004                        : osal.o (.bss)
                  20004c54    00000004                        : osal.o (.bss)
                  20004c58    00000004                        : osal.o (.bss)
                  20004c5c    00000004                        : osal_bufmgr.o (.bss)
                  20004c60    00000004                        : osal_clock.o (.bss)
                  20004c64    00000004                        : osal_clock.o (.bss)
                  20004c68    00000004                        : osal_timers.o (.bss)
                  20004c6c    00000004                        : osal_timers.o (.bss)
                  20004c70    00000004                        : osal_timers.o (.bss)
                  20004c74    00000004                        : rtls_srv.o (.bss)
                  20004c78    00000004     drivers_cc13x2.aem4f : ECDHCC26X2.oem4f (.bss)
                  20004c7c    00000004                          : PINCC26XX.oem4f (.bss)
                  20004c80    00000004                          : NVSSPI25X.oem4f (.bss:spiHandleUsers)
                  20004c84    00000004     (.common:ClockP_tickPeriod)
                  20004c88    00000004     (.common:PowerCC26XX_swiKey)
                  20004c8c    00000004     (.common:PowerCC26XX_taskKey)
                  20004c90    00000004     (.common:nvsCC26XXObjects)
                  20004c94    00000004     (.common:tasksEvents)
                  20004c98    00000002     OneLib_coc.a : gapgattserver.o (.bss)
                  20004c9a    00000002                  : ll.o (.bss)
                  20004c9c    00000002                  : ll_slave_end_causes.o (.bss)
                  20004c9e    00000002     StackWrapper_coc.a : osal_pwrmgr.o (.bss)
                  20004ca0    00000001     OneLib_coc.a : gapgattserver.o (.bss)
                  20004ca1    00000001                  : hci_tl.o (.bss)
                  20004ca2    00000001                  : hci_tl.o (.bss)
                  20004ca3    00000001                  : hci_tl.o (.bss)
                  20004ca4    00000001                  : hci_tl.o (.bss)
                  20004ca5    00000001                  : hci_tl.o (.bss)
                  20004ca6    00000001                  : ll.o (.bss)
                  20004ca7    00000001                  : ll.o (.bss)
                  20004ca8    00000001                  : ll_config.o (.bss)
                  20004ca9    00000001                  : ll_config.o (.bss)
                  20004caa    00000001                  : ll_enc.o (.bss)
                  20004cab    00000001     StackWrapper_coc.a : ble_dispatch_lite.o (.bss)
                  20004cac    00000001                        : gapbondmgr.o (.bss)
                  20004cad    00000001                        : gapbondmgr.o (.bss)
                  20004cae    00000001                        : hal_assert.o (.bss)
                  20004caf    00000001                        : osal.o (.bss)
                  20004cb0    00000001                        : osal_pwrmgr.o (.bss)
                  20004cb1    00000001                        : rtls_srv.o (.bss)
                  20004cb2    00000001     rf_multiMode_cc13x2.aem4f : RFCC26X2_multiMode.c.cc13x2.ccs.o (.bss)
                  20004cb3    00000001     (.common:driverlib_release_0_55938)

.vtable    0    20004cb4    00000000     UNINITIALIZED

.vtable_ram 
*          0    20004cb4    00000000     UNINITIALIZED

vtable_ram 
*          0    20004cb4    00000000     UNINITIALIZED

.sysmem    0    20004cb4    00000000     UNINITIALIZED

.nonretenvar 
*          0    20004cb4    00000000     UNINITIALIZED

.stack     0    20013c00    00000400     UNINITIALIZED
                  20013c00    00000400     --HOLE--

.text      0    000000d0    0001c370     
                  000000d0    000011e0     project_zero.obj (.text:ProjectZero_taskFxn$4)
                  000012b0    00000df0     StackWrapper_coc.a : gapbondmgr.o (.text)
                  000020a0    00000860     project_zero.obj (.text:ProjectZero_init$4)
                  00002900    000006c7     project_zero.obj (.text:ProjectZero_bootManagerCheck$4)
                  00002fc7    00000001     --HOLE-- [fill = 0]
                  00002fc8    000004e4     OneLib_coc.a : ll_slave_end_causes.o (.text)
                  000034ac    000004a8     nvocmp.obj (.text:NVOCMP_initNvApi$10)
                  00003954    0000049c     rf_multiMode_cc13x2.aem4f : RFCC26X2_multiMode.c.cc13x2.ccs.o (.text:RF_fsmActiveState)
                  00003df0    00000464     OneLib_coc.a : ll.o (.text)
                  00004254    00000444     StackWrapper_coc.a : gapbondmgr.o (.text)
                  00004698    00000428     OneLib_coc.a : ll_isr.o (.text)
                  00004ac0    000003f4     oad.obj (.text:oadProcessExtControlCmd$13)
                  00004eb4    0000034c     OneLib_coc.a : ble.o (.text)
                  00005200    00000330                  : ll_isr.o (.text)
                  00005530    00000318                  : ll_slave_end_causes.o (.text)
                  00005848    00000304                  : hci_event.o (.text)
                  00005b4c    000002ec     drivers_cc13x2.aem4f : SPICC26X2DMA.oem4f (.text:SPICC26X2DMA_transfer)
                  00005e38    000002b4     OneLib_coc.a : ll_ae.o (.text)
                  000060ec    000002ac                  : ll_common.o (.text)
                  00006398    0000029c     data_service.obj (.text:Data_Service_WriteAttrCB$16)
                  00006634    0000029c     nvocmp.obj (.text:NVOCMP_compactPage$10)
                  000068d0    00000290     OneLib_coc.a : ll_data.o (.text)
                  00006b60    0000028c     nvocmp.obj (.text:NVOCMP_addItem$10)
                  00006dec    00000284     OneLib_coc.a : ll.o (.text)
                  00007070    00000278     nvocmp.obj (.text:NVOCMP_compact$10)
                  000072e8    00000278     OneLib_coc.a : ll_master_end_causes.o (.text)
                  00007560    0000025c     rf_multiMode_cc13x2.aem4f : RFCC26X2_multiMode.c.cc13x2.ccs.o (.text:RF_open)
                  000077bc    0000025c     drivers_cc13x2.aem4f : SPICC26X2DMA.oem4f (.text:SPICC26X2DMA_hwiFxn)
                  00007a18    0000025c     oad.obj (.text:oadImgBlockWrite$13)
                  00007c74    00000244     OneLib_coc.a : ll_common.o (.text)
                  00007eb8    00000238                  : ll_scheduler.o (.text)
                  000080f0    00000234     oad.obj (.text:oadImgIdentifyWrite$13)
                  00008324    00000230     OneLib_coc.a : ll_scheduler.o (.text)
                  00008554    00000230     StackWrapper_coc.a : gapbondmgr.o (.text)
                  00008784    00000210     data_service.obj (.text:DataService_SetParameter)
                  00008994    00000204     button_service.obj (.text:ButtonService_SetParameter)
                  00008b98    00000204     OneLib_coc.a : ll_isr.o (.text)
                  00008d9c    00000204                  : ll_master_end_causes.o (.text)
                  00008fa0    00000204     rf_multiMode_cc13x2.aem4f : RFCC26X2_multiMode.c.cc13x2.ccs.o (.text:RF_scheduleCmd)
                  000091a4    00000200     OneLib_coc.a : gattservapp.o (.text)
                  000093a4    000001fe     main.obj (.text:AssertHandler)
                  000095a2    00000002     ble_user_config.obj (.text:DefaultAssertCback)
                  000095a4    000001dc     StackWrapper_coc.a : osal.o (.text)
                  00009780    000001da     OneLib_coc.a : hci_event.o (.text)
                  0000995a    00000002     rf_multiMode_cc13x2.aem4f : rfc.c.cc13x2.ccs.o (.text:NOROM_RFCCpePatchReset)
                  0000995c    000001d8     led_service.obj (.text:LED_Service_WriteAttrCB$20)
                  00009b34    000001d4     osal_icall_ble.obj (.text:stack_main)
                  00009d08    000001d0     drivers_cc13x2.aem4f : ECDHCC26X2.oem4f (.text:ECDHCC26X2_runFSM)
                  00009ed8    000001d0     OneLib_coc.a : ll.o (.text)
                  0000a0a8    000001c8                  : ll.o (.text)
                  0000a270    000001c4     drivers_cc13x2.aem4f : PINCC26XX.oem4f (.text:PIN_init)
                  0000a434    000001bc     OneLib_coc.a : hci_event.o (.text)
                  0000a5f0    000001bc     UartLog.obj (.text:uartLog_flush)
                  0000a7ac    000001a8     drivers_cc13x2.aem4f : PowerCC26X2.oem4f (.text:Power_sleep)
                  0000a954    00000190     rf_multiMode_cc13x2.aem4f : RFCC26X2_multiMode.c.cc13x2.ccs.o (.text:RF_dispatchNextCmd)
                  0000aae4    00000190     drivers_cc13x2.aem4f : PowerCC26X2_calibrateRCOSC.oem4f (.text:calibrateRcoscHf1)
                  0000ac74    00000190     icall.obj (.text:icall_directAPI)
                  0000ae04    0000018c     drivers_cc13x2.aem4f : PowerCC26X2.oem4f (.text:Power_init)
                  0000af90    0000018c                          : PowerCC26X2_calibrateRCOSC.oem4f (.text:runCalibrateFsm)
                  0000b11c    00000180     OneLib_coc.a : ll.o (.text)
                  0000b29c    0000017c                  : gattservapp.o (.text)
                  0000b418    00000174                  : ll_isr.o (.text)
                  0000b58c    00000174     drivers_cc13x2.aem4f : SPICC26X2DMA.oem4f (.text:configNextTransfer)
                  0000b700    00000170                          : SPICC26X2DMA.oem4f (.text:SPICC26X2DMA_transferCancel)
                  0000b870    00000168                          : NVSSPI25X.oem4f (.text:NVSSPI25X_write)
                  0000b9d8    00000164     OneLib_coc.a : ll_common.o (.text)
                  0000bb3c    00000164     drivers_cc13x2.aem4f : UARTCC26XX.oem4f (.text:UARTCC26XX_open)
                  0000bca0    00000162     StackWrapper_coc.a : osal.o (.text)
                  0000be02    00000002     drivers_cc13x2.aem4f : NVSSPI25X.oem4f (.text:NVSSPI25X_deinitSpiCs)
                  0000be04    00000160     button_service.obj (.text:Button_Service_ReadAttrCB$15)
                  0000bf64    0000015c     crc32.obj (.text:CRC32_calc)
                  0000c0c0    0000015c     data_service.obj (.text:Data_Service_ReadAttrCB$16)
                  0000c21c    0000015c     led_service.obj (.text:LED_Service_ReadAttrCB$20)
                  0000c378    00000154     driverlib.lib : sys_ctrl.obj (.text:NOROM_SysCtrlStandby)
                  0000c4cc    00000154     nvocmp.obj (.text:NVOCMP_migratePage$10)
                  0000c620    00000154     rf_multiMode_cc13x2.aem4f : RFCC26X2_multiMode.c.cc13x2.ccs.o (.text:RF_initRadioSetup)
                  0000c774    00000154     drivers_cc13x2.aem4f : UARTCC26XX.oem4f (.text:UARTCC26XX_hwiIntFxn)
                  0000c8c8    00000150                          : SPICC26X2DMA.oem4f (.text:SPICC26X2DMA_open)
                  0000ca18    0000014c     OneLib_coc.a : ll_common.o (.text)
                  0000cb64    0000014c                  : ll_data.o (.text)
                  0000ccb0    0000014c                  : ll_isr.o (.text)
                  0000cdfc    00000148     rf_multiMode_cc13x2.aem4f : RFCC26X2_multiMode.c.cc13x2.ccs.o (.text:RF_fsmSetupState)
                  0000cf44    00000144     button_service.obj (.text:Button_Service_WriteAttrCB$15)
                  0000d088    00000144     OneLib_coc.a : ll.o (.text)
                  0000d1cc    00000140     drivers_cc13x2.aem4f : SPICC26X2DMA.oem4f (.text:initIO)
                  0000d30c    0000013c     rf_multiMode_cc13x2.aem4f : RFCC26X2_multiMode.c.cc13x2.ccs.o (.text:RF_ratSetupChannel)
                  0000d448    0000013a     drivers_cc13x2.aem4f : UARTCC26XX.oem4f (.text:UARTCC26XX_read)
                  0000d582    00000002     OneLib_coc.a : ll.o (.text)
                  0000d584    00000138     led_service.obj (.text:LedService_SetParameter)
                  0000d6bc    00000138     nvocmp.obj (.text:NVOCMP_findItem$10)
                  0000d7f4    00000138     drivers_cc13x2.aem4f : NVSCC26XX.oem4f (.text:NVSCC26XX_write)
                  0000d92c    00000134     rf_multiMode_cc13x2.aem4f : RFCC26X2_multiMode.c.cc13x2.ccs.o (.text:RF_abortCmd)
                  0000da60    00000130     drivers_cc13x2.aem4f : AESCCMCC26XX.oem4f (.text:AESCCM_startOperation)
                  0000db90    00000130     project_zero.obj (.text:ProjectZero_handleUpdateLinkEvent$4)
                  0000dcc0    00000130     StackWrapper_coc.a : gap.o (.text)
                  0000ddf0    0000012c     OneLib_coc.a : gap_advertiser.o (.text)
                  0000df1c    00000128     StackWrapper_coc.a : rtls_srv.o (.text)
                  0000e044    00000124     OneLib_coc.a : ll_scheduler.o (.text)
                  0000e168    00000120     rf_multiMode_cc13x2.aem4f : RFCC26X2_multiMode.c.cc13x2.ccs.o (.text:RF_radioOpDoneCb)
                  0000e288    0000011c     OneLib_coc.a : ll_common.o (.text)
                  0000e3a4    00000114                  : sm_rsppairing.o (.text)
                  0000e4b8    00000114     StackWrapper_coc.a : gapbondmgr.o (.text)
                  0000e5cc    00000112     rf_multiMode_cc13x2.aem4f : RFCC26X2_multiMode.c.cc13x2.ccs.o (.text:RF_decodeOverridePointers)
                  0000e6de    00000002     OneLib_coc.a : ll.o (.text)
                  0000e6e0    00000110     drivers_cc13x2.aem4f : GPIOCC26XX.oem4f (.text:GPIO_setConfig)
                  0000e7f0    00000108     OneLib_coc.a : ll_isr.o (.text)
                  0000e8f8    00000106     project_zero_app_pem4f.oem4f (.text:xdc_runtime_System_printfExtend__I)
                  0000e9fe    00000002     rf_multiMode_cc13x2.aem4f : RFCC26X2_multiMode.c.cc13x2.ccs.o (.text:RF_defaultCallback)
                  0000ea00    00000104     drivers_cc13x2.aem4f : AESECBCC26XX.oem4f (.text:AESECB_startOperation)
                  0000eb04    00000104     OneLib_coc.a : gap_task.o (.text)
                  0000ec08    00000100     drivers_cc13x2.aem4f : PowerCC26X2.oem4f (.text:configureXOSCHF)
                  0000ed08    000000fc     rf_multiMode_cc13x2.aem4f : RFCC26X2_multiMode.c.cc13x2.ccs.o (.text:RF_hwiCpe0Active)
                  0000ee04    000000fc     rtsv7M4_T_le_v4SPD16_eabi.lib : fd_mul_t2.asm.obj (.text)
                  0000ef00    000000f8     drivers_cc13x2.aem4f : NVSSPI25X.oem4f (.text:NVSSPI25X_open)
                  0000eff8    000000f8                          : PINCC26XX.oem4f (.text:PINCC26XX_setIoCfg)
                  0000f0f0    000000f4                          : AESCTRCC26XX.oem4f (.text:AESCTR_startOperation)
                  0000f1e4    000000f4                          : ECDHCC26X2.oem4f (.text:ECDH_computeSharedSecret)
                  0000f2d8    000000f4     OneLib_coc.a : ll.o (.text)
                  0000f3cc    000000f4     drivers_cc13x2.aem4f : SPICC26X2DMA.oem4f (.text:SPICC26X2DMA_control)
                  0000f4c0    000000f4     UartLog.obj (.text:UartLog_log)
                  0000f5b4    000000f0     OneLib_coc.a : ll_common.o (.text)
                  0000f6a4    000000f0     rf_multiMode_cc13x2.aem4f : RFCC26X2_multiMode.c.cc13x2.ccs.o (.text:RF_fsmPowerUpState)
                  0000f794    000000ec     nvocmp.obj (.text:NVOCMP_cleanPage$10)
                  0000f880    000000ec     OneLib_coc.a : gattservapp.o (.text)
                  0000f96c    000000e8     oad.obj (.text:oadWriteAttrCB$13)
                  0000fa54    000000e4     OneLib_coc.a : ll.o (.text)
                  0000fb38    000000e4                  : ll_common.o (.text)
                  0000fc1c    000000e2                  : gapgattserver.o (.text)
                  0000fcfe    00000002     StackWrapper_coc.a : common_rom_init.o (.text)
                  0000fd00    000000e0                        : osal_timers.o (.text)
                  0000fde0    000000e0     drivers_cc13x2.aem4f : UARTCC26XX.oem4f (.text:UARTCC26XX_write)
                  0000fec0    000000d8     driverlib.lib : setup.obj (.text:TrimAfterColdResetWakeupFromShutDown$36)
                  0000ff98    000000d4     OneLib_coc.a : ll.o (.text)
                  0001006c    000000d4     rf_multiMode_cc13x2.aem4f : RFCC26X2_multiMode.c.cc13x2.ccs.o (.text:RF_pendCmd)
                  00010140    000000d2                               : RFCC26X2_multiMode.c.cc13x2.ccs.o (.text:RF_updatePaConfiguration)
                  00010212    00000002     StackWrapper_coc.a : hal_assert.o (.text)
                  00010214    000000d0     rf_multiMode_cc13x2.aem4f : RFCC26X2_multiMode.c.cc13x2.ccs.o (.text:RF_control)
                  000102e4    000000d0                               : RFCC26X2_multiMode.c.cc13x2.ccs.o (.text:RF_swiHw)
                  000103b4    000000cc     OneLib_coc.a : hci_event.o (.text)
                  00010480    000000cc                  : ll.o (.text)
                  0001054c    000000cc     StackWrapper_coc.a : osal.o (.text)
                  00010618    000000c8     OneLib_coc.a : gapgattserver.o (.text)
                  000106e0    000000c8     drivers_cc13x2.aem4f : PowerCC26X2.oem4f (.text:Power_releaseDependency)
                  000107a8    000000c8     rf_multiMode_cc13x2.aem4f : RFCC26X2_multiMode.c.cc13x2.ccs.o (.text:RF_hwiTempLimit)
                  00010870    000000c4     drivers_cc13x2.aem4f : GPIOCC26XX.oem4f (.text:GPIO_init)
                  00010934    000000c4     OneLib_coc.a : ll_scheduler.o (.text)
                  000109f8    000000c4     drivers_cc13x2.aem4f : PowerCC26X2.oem4f (.text:Power_setDependency)
                  00010abc    000000c4     oad.obj (.text:oadCreateFactoryImageBackup)
                  00010b80    000000c0     nvocmp.obj (.text:NVOCMP_erase$10)
                  00010c40    000000c0     OneLib_coc.a : ll.o (.text)
                  00010d00    000000c0                  : ll_isr.o (.text)
                  00010dc0    000000c0     drivers_cc13x2.aem4f : UARTCC26XX.oem4f (.text:UARTCC26XX_initIO)
                  00010e80    000000bc                          : AESCTRDRBGXX.oem4f (.text:AESCTRDRBG_getBytes)
                  00010f3c    000000bc     OneLib_coc.a : ll_ecc.o (.text)
                  00010ff8    000000bc                  : ll_scheduler.o (.text)
                  000110b4    000000bc                  : ll_scheduler.o (.text)
                  00011170    000000bc     project_zero.obj (.text:ProjectZero_DataService_ValueChangeCB$4)
                  0001122c    000000bc     main.obj (.text:main)
                  000112e8    000000bb     project_zero.obj (.text:ProjectZero_LedService_ValueChangeCB$4)
                  000113a3    00000001     --HOLE-- [fill = 0]
                  000113a4    000000b8     OneLib_coc.a : ll_isr.o (.text)
                  0001145c    000000b8     StackWrapper_coc.a : gapbondmgr.o (.text)
                  00011514    000000b8     drivers_cc13x2.aem4f : UARTCC26XX.oem4f (.text:UARTCC26XX_initHw)
                  000115cc    000000b8                          : NVSSPI25X.oem4f (.text:doErase)
                  00011684    000000b4                          : ECDHCC26X2.oem4f (.text:ECDH_generatePublicKey)
                  00011738    000000b4     dpl_cc13x2.aem4f : PowerCC26X2_tirtos.oem4f (.text:PowerCC26XX_standbyPolicy)
                  000117ec    000000b4     drivers_cc13x2.aem4f : TRNGCC26XX.oem4f (.text:TRNG_generateEntropy)
                  000118a0    000000b0                          : AESCTRDRBGXX.oem4f (.text:AESCTRDRBG_construct)
                  00011950    000000b0     OneLib_coc.a : ll.o (.text)
                  00011a00    000000b0     project_zero.obj (.text:ProjectZero_ButtonService_CfgChangeCB$4)
                  00011ab0    000000b0     devinfoservice.obj (.text:devInfo_ReadAttrCB$17)
                  00011b60    000000ae     project_zero.obj (.text:ProjectZero_DataService_CfgChangeCB$4)
                  00011c0e    00000002     StackWrapper_coc.a : hal_assert.o (.text)
                  00011c10    000000ac     drivers_cc13x2.aem4f : ECDHCC26X2.oem4f (.text:ECDHCC26X2_hwiFxn)
                  00011cbc    000000ac                          : PINCC26XX.oem4f (.text:PIN_open)
                  00011d68    000000a8     gattservapp_util.obj (.text:GATTServApp_ProcessCharCfg)
                  00011e10    000000a8     driverlib.lib : setup.obj (.text:NOROM_SetupTrimDevice)
                  00011eb8    000000a8     OneLib_coc.a : hci_data.o (.text)
                  00011f60    000000a8     StackWrapper_coc.a : gapbondmgr.o (.text)
                  00012008    000000a8                        : osal_cbtimer.o (.text)
                  000120b0    000000a6     drivers_cc13x2.aem4f : AESCTRDRBGXX.oem4f (.text:AESCTRDRBG_reseed)
                  00012156    00000002     StackWrapper_coc.a : onboard.o (.text)
                  00012158    000000a4     rf_multiMode_cc13x2.aem4f : RFCC26X2_multiMode.c.cc13x2.ccs.o (.text:RF_ratRestartChannels)
                  000121fc    000000a0     OneLib_coc.a : ll_common.o (.text)
                  0001229c    000000a0                  : ll_slave_end_causes.o (.text)
                  0001233c    000000a0     project_zero.obj (.text:ProjectZero_updatePHYStat$4)
                  000123dc    000000a0     auto_init.aem4f : auto_init.oem4f (.text)
                  0001247c    000000a0     rom_sysbios.aem4f : rom_sysbios.obj (.text:ti_sysbios_knl_Task_setPri__E)
                  0001251c    0000009c     nvocmp.obj (.text:NVOCMP_readHeader$10)
                  000125b8    0000009c     OneLib_coc.a : ll_common.o (.text)
                  00012654    0000009c                  : ll_ecc.o (.text)
                  000126f0    0000009c     rf_multiMode_cc13x2.aem4f : RFCC26X2_multiMode.c.cc13x2.ccs.o (.text:RF_calculateDispatchTime)
                  0001278c    0000009c     project_zero.obj (.text:buttonCallbackFxn$4)
                  00012828    0000009c     rtsv7M4_T_le_v4SPD16_eabi.lib : memcpy_t2.asm.obj (.text)
                  000128c4    0000009c     scif_framework.obj (.text:scifCtrlTasksNbl$6)
                  00012960    00000098     OneLib_coc.a : ll_enc.o (.text)
                  000129f8    00000098     StackWrapper_coc.a : rtls_srv.o (.text)
                  00012a90    00000098     oad.obj (.text:oadFindExtFlMetaPage$13)
                  00012b28    00000098     drivers_cc13x2.aem4f : UARTCC26XX.oem4f (.text:writeTxFifoFlush)
                  00012bc0    00000096                          : ECDHCC26X2.oem4f (.text:ECDHCC26X2_reverseCopyPad)
                  00012c56    00000096     rtsv7M4_T_le_v4SPD16_eabi.lib : ull_div_t2.asm.obj (.text)
                  00012cec    00000094     icall.obj (.text:ICall_setTimer)
                  00012d80    00000094     OneLib_coc.a : gatt_server.o (.text)
                  00012e14    00000094                  : ll.o (.text)
                  00012ea8    00000094                  : ll_scheduler.o (.text)
                  00012f3c    00000094     project_zero.obj (.text:ProjectZero_sendParamUpdate$4)
                  00012fd0    00000094     rf_multiMode_cc13x2.aem4f : RFCC26X2_multiMode.c.cc13x2.ccs.o (.text:RF_getInfo)
                  00013064    00000094     drivers_cc13x2.aem4f : TRNGCC26XX.oem4f (.text:TRNGCC26XX_hwiFxn)
                  000130f8    00000092     OneLib_coc.a : ll_isr.o (.text)
                  0001318a    00000092     drivers_cc13x2.aem4f : UARTCC26XX.oem4f (.text:UARTCC26XX_writeCancel)
                  0001321c    00000090     CC1352R1_LAUNCHXL_fxns.obj (.text:CC1352R1_LAUNCHXL_shutDownExtFlash)
                  000132ac    00000090     OneLib_coc.a : ll.o (.text)
                  0001333c    00000090                  : ll_ae.o (.text)
                  000133cc    00000090                  : ll_common.o (.text)
                  0001345c    00000090     rf_multiMode_cc13x2.aem4f : RFCC26X2_multiMode.c.cc13x2.ccs.o (.text:RF_discardPendCmd)
                  000134ec    00000090     project_zero.obj (.text:buttonDebounceSwiFxn$4)
                  0001357c    00000090     project_zero.obj (.text:util_arrtohex$4)
                  0001360c    0000008c     icall.obj (.text:ICall_heapMalloc)
                  00013698    0000008c     OneLib_coc.a : ll_scheduler.o (.text)
                  00013724    0000008c     rf_multiMode_cc13x2.aem4f : RFCC26X2_multiMode.c.cc13x2.ccs.o (.text:RF_cmdDispatchTime)
                  000137b0    0000008c     gattservapp_util.obj (.text:gattServApp_SendNotiInd$19)
                  0001383c    0000008c     rom_sysbios.aem4f : rom_sysbios.obj (.text:ti_sysbios_gates_GateMutexPri_enter__E)
                  000138c8    0000008a     drivers_cc13x2.aem4f : AESCTRDRBGXX.oem4f (.text:AESCTRDRBGXX_updateState)
                  00013952    00000002     rtsv7M4_T_le_v4SPD16_eabi.lib : _lock.c.obj (.text:_nop)
                  00013954    00000088     driverlib.lib : osc.obj (.text:NOROM_OSCHF_AttemptToSwitchToXosc)
                  000139dc    00000088     OneLib_coc.a : gattservapp.o (.text)
                  00013a64    00000088                  : hci_event.o (.text)
                  00013aec    00000088                  : ll_common.o (.text)
                  00013b74    00000088     StackWrapper_coc.a : osal_cbtimer.o (.text)
                  00013bfc    00000088     drivers_cc13x2.aem4f : PowerCC26X2_calibrateRCOSC.oem4f (.text:calibrateRcoscHf2)
                  00013c84    00000088                          : PowerCC26X2.oem4f (.text:disableLFClockQualifiers)
                  00013d0c    00000088     project_zero.obj (.text:scTaskAlertCallback)
                  00013d94    00000088     drivers_cc13x2.aem4f : PowerCC26X2_calibrateRCOSC.oem4f (.text:updateSubSecInc)
                  00013e1c    00000084                          : NVSSPI25X.oem4f (.text:NVSSPI25X_close)
                  00013ea0    00000084     OneLib_coc.a : ll_common.o (.text)
                  00013f24    00000084     rf_multiMode_cc13x2.aem4f : RFCC26X2_multiMode.c.cc13x2.ccs.o (.text:RF_issueRadioFreeCb)
                  00013fa8    00000084                               : RFCC26X2_multiMode.c.cc13x2.ccs.o (.text:RF_verifyGap)
                  0001402c    00000084     drivers_cc13x2.aem4f : UARTCC26XX.oem4f (.text:UARTCC26XX_close)
                  000140b0    00000084     oad.obj (.text:oadSendNotification$13)
                  00014134    00000084     osal_icall_ble.obj (.text:osalInitTasks)
                  000141b8    00000080     drivers_cc13x2.aem4f : NVSCC26XX.oem4f (.text:NVSCC26XX_open)
                  00014238    00000080     OneLib_coc.a : ll_enc.o (.text)
                  000142b8    00000080     oad.obj (.text:oadResetState$13)
                  00014338    00000080     rom_sysbios.aem4f : rom_sysbios.obj (.text:ti_sysbios_family_arm_cc26xx_Timer_start__E)
                  000143b8    0000007c     nvocmp.obj (.text:NVOCMP_readItemApi$10)
                  00014434    0000007c     OneLib_coc.a : ll_enc.o (.text)
                  000144b0    0000007c     rf_multiMode_cc13x2.aem4f : RFCC26X2_multiMode.c.cc13x2.ccs.o (.text:RF_ratFreeChannel)
                  0001452c    0000007c     StackWrapper_coc.a : gapbondmgr.o (.text)
                  000145a8    0000007c     drivers_cc13x2.aem4f : NVSSPI25X.oem4f (.text:doRead)
                  00014624    0000007c     scif_framework.obj (.text:scifInitIo)
                  000146a0    0000007a     rtsv7M4_T_le_v4SPD16_eabi.lib : memset_t2.asm.obj (.text)
                  0001471a    00000002     drivers_cc13x2.aem4f : PowerCC26X2.oem4f (.text:emptyClockFunc)
                  0001471c    00000078     icall.obj (.text:ICall_heapInit)
                  00014794    00000078     nvocmp.obj (.text:NVOCMP_checkItem$10)
                  0001480c    00000078     OneLib_coc.a : gattservapp.o (.text)
                  00014884    00000078                  : ll_common.o (.text)
                  000148fc    00000078     StackWrapper_coc.a : osal_cbtimer.o (.text)
                  00014974    00000078     rf_multiMode_cc13x2.aem4f : rf_patch_cpe_multi_protocol_rtls.c.cc13x2.ccs.o (.text:configureMultiProtocolRtlsPatch)
                  000149ec    00000078     drivers_cc13x2.aem4f : NVSSPI25X.oem4f (.text:doWriteVerify)
                  00014a64    00000076     StackWrapper_coc.a : gap.o (.text)
                  00014ada    00000002     drivers_cc13x2.aem4f : CryptoResourceCC26XX.oem4f (.text:errorSpin)
                  00014adc    00000074     nvocmp.obj (.text:NVOCMP_writeItemApi$10)
                  00014b50    00000074     drivers_cc13x2.aem4f : PowerCC26X2_calibrateRCOSC.oem4f (.text:PowerCC26X2_auxISR)
                  00014bc4    00000074                          : TRNGCC26XX.oem4f (.text:TRNG_construct)
                  00014c38    00000074     scif.obj (.text:scifDriverSetupInit$5)
                  00014cac    00000074     rom_sysbios.aem4f : rom_sysbios.obj (.text:ti_sysbios_gates_GateMutexPri_leave__E)
                  00014d20    00000072     rf_multiMode_cc13x2.aem4f : RFCC26X2_multiMode.c.cc13x2.ccs.o (.text:RF_detachOverrides)
                  00014d92    00000072     drivers_cc13x2.aem4f : SPICC26X2DMA.oem4f (.text:csnCallback)
                  00014e04    00000070                          : AESCCMCC26XX.oem4f (.text:AESCCM_cleanup)
                  00014e74    00000070     icall.obj (.text:ICall_heapGetStats)
                  00014ee4    00000070     rf_multiMode_cc13x2.aem4f : rfc.c.cc13x2.ccs.o (.text:NOROM_RFCAnaDivTxOverride)
                  00014f54    00000070     OneLib_coc.a : gatt_server.o (.text)
                  00014fc4    00000070                  : ll_enc.o (.text)
                  00015034    00000070     drivers_cc13x2.aem4f : PINCC26XX.oem4f (.text:PIN_add)
                  000150a4    00000070     rf_multiMode_cc13x2.aem4f : RFCC26X2_multiMode.c.cc13x2.ccs.o (.text:RF_hwiHw)
                  00015114    00000070     drivers_cc13x2.aem4f : Random.oem4f (.text:Random_seedAutomatic)
                  00015184    0000006e     OneLib_coc.a : gatt_server.o (.text)
                  000151f2    0000006e                  : ll_common.o (.text)
                  00015260    0000006e     rf_multiMode_cc13x2.aem4f : RFCC26X2_multiMode.c.cc13x2.ccs.o (.text:RF_attachOverrides)
                  000152ce    0000006e                               : RFCC26X2_multiMode.c.cc13x2.ccs.o (.text:RF_howToSchedule)
                  0001533c    0000006e     rtsv7M4_T_le_v4SPD16_eabi.lib : ll_div_t2.asm.obj (.text)
                  000153aa    00000002     drivers_cc13x2.aem4f : PKAResourceCC26XX.oem4f (.text:errorSpin)
                  000153ac    0000006d     rom_sysbios.aem4f : rom_sysbios.obj (.text:xdc_runtime_System_formatNum__I)
                  00015419    00000001     --HOLE-- [fill = 0]
                  0001541a    00000002     icall_api_lite.obj (.text:rfErrCb)
                  0001541c    0000006c     OneLib_coc.a : ll_master_end_causes.o (.text)
                  00015488    0000006c     rf_multiMode_cc13x2.aem4f : RFCC26X2_multiMode.c.cc13x2.ccs.o (.text:RF_getCurrentTime)
                  000154f4    0000006c                               : RFCC26X2_multiMode.c.cc13x2.ccs.o (.text:RF_ratDisableChannel)
                  00015560    0000006c     StackWrapper_coc.a : osal.o (.text)
                  000155cc    0000006c                        : osal_cbtimer.o (.text)
                  00015638    0000006c                        : rtls_srv.o (.text)
                  000156a4    0000006c     oad.obj (.text:oadCheckDL$13)
                  00015710    0000006c     oad.obj (.text:oadFindCurrentImageHdr$13)
                  0001577c    00000068     icall.obj (.text:ICall_send)
                  000157e4    00000068     icall.obj (.text:ICall_sendServiceComplete)
                  0001584c    00000068     nvocmp.obj (.text:NVOCMP_findOffset$10)
                  000158b4    00000068     nvocmp.obj (.text:NVOCMP_findSignature$10)
                  0001591c    00000068     OneLib_coc.a : gattservapp.o (.text)
                  00015984    00000068     StackWrapper_coc.a : osal_timers.o (.text)
                  000159ec    00000068     rtsv7M4_T_le_v4SPD16_eabi.lib : copy_decompress_lzss.c.obj (.text:decompress:lzss:__TI_decompress_lzss)
                  00015a54    00000064     drivers_cc13x2.aem4f : AESCCMCC26XX.oem4f (.text:AESCCM_waitForResult)
                  00015ab8    00000064                          : AESCTRCC26XX.oem4f (.text:AESCTR_waitForResult)
                  00015b1c    00000064                          : AESECBCC26XX.oem4f (.text:AESECB_waitForResult)
                  00015b80    00000064     driverlib.lib : osc.obj (.text:NOROM_OSCHF_SwitchToRcOscTurnOffXosc)
                  00015be4    00000064                   : osc.obj (.text:NOROM_OSC_HPOSCRtcCompensate)
                  00015c48    00000064     nvocmp.obj (.text:NVOCMP_copyItem$10)
                  00015cac    00000064     OneLib_coc.a : gapgattserver.o (.text)
                  00015d10    00000064                  : gattservapp.o (.text)
                  00015d74    00000064     rf_multiMode_cc13x2.aem4f : RFCC26X2_multiMode.c.cc13x2.ccs.o (.text:RF_dispatchNextEvent)
                  00015dd8    00000064     drivers_cc13x2.aem4f : UARTCC26XX.oem4f (.text:UARTCC26XX_control)
                  00015e3c    00000062     gattservapp_util.obj (.text:GATTServApp_ProcessCCCWriteReq)
                  00015e9e    00000062     StackWrapper_coc.a : icall_lite_translation.o (.text)
                  00015f00    00000062     drivers_cc13x2.aem4f : UARTCC26XX.oem4f (.text:UARTCC26XX_swiIntFxn)
                  00015f62    00000002     rtsv7M4_T_le_v4SPD16_eabi.lib : div0.asm.obj (.text)
                  00015f64    00000060     drivers_cc13x2.aem4f : AESCCMCC26XX.oem4f (.text:AESCCM_hwiFxn)
                  00015fc4    00000060                          : AESCTRCC26XX.oem4f (.text:AESCTR_hwiFxn)
                  00016024    00000060                          : AESECBCC26XX.oem4f (.text:AESECB_hwiFxn)
                  00016084    00000060                          : CryptoResourceCC26XX.oem4f (.text:CryptoResourceCC26XX_constructRTOSObjects)
                  000160e4    00000060                          : GPIOCC26XX.oem4f (.text:GPIO_write)
                  00016144    00000060     icall.obj (.text:ICall_createRemoteTasksAtRuntime)
                  000161a4    00000060     icall.obj (.text:ICall_enrollService)
                  00016204    00000060     OneLib_coc.a : ll_common.o (.text)
                  00016264    00000060     drivers_cc13x2.aem4f : PKAResourceCC26XX.oem4f (.text:PKAResourceCC26XX_constructRTOSObjects)
                  000162c4    00000060     rf_multiMode_cc13x2.aem4f : RFCC26X2_multiMode.c.cc13x2.ccs.o (.text:RF_applyRfCorePatch)
                  00016324    00000060     StackWrapper_coc.a : gapbondmgr.o (.text)
                  00016384    00000060     drivers_cc13x2.aem4f : TRNGCC26XX.oem4f (.text:TRNGCC26XX_startTrng)
                  000163e4    0000005e     icall.obj (.text:ICall_fetchMsg)
                  00016442    00000002     project_zero.obj (.text:scCtrlReadyCallback)
                  00016444    0000005c     icall.obj (.text:ICall_pwrUpdActivityCounter)
                  000164a0    0000005c     nvocmp.obj (.text:NVOCMP_readItem$10)
                  000164fc    0000005c     OneLib_coc.a : gattservapp.o (.text)
                  00016558    0000005c                  : ll_scheduler.o (.text)
                  000165b4    0000005c     drivers_cc13x2.aem4f : PINCC26XX.oem4f (.text:PIN_remove)
                  00016610    0000005c     rf_multiMode_cc13x2.aem4f : RFCC26X2_multiMode.c.cc13x2.ccs.o (.text:RF_syncCb)
                  0001666c    0000005c     drivers_cc13x2.aem4f : NVSCC26XX.oem4f (.text:doErase)
                  000166c8    0000005c                          : SPICC26X2DMA.oem4f (.text:initHw)
                  00016724    0000005c     scif_framework.obj (.text:scifSetSceOpmode)
                  00016780    0000005c     project_zero_app_pem4f.oem4f (.text:xdc_runtime_Startup_getState__I)
                  000167dc    00000058     drivers_cc13x2.aem4f : ECDHCC26X2.oem4f (.text:ECDH_construct)
                  00016834    00000058     icall.obj (.text:ICall_wait)
                  0001688c    00000058     OneLib_coc.a : ll_ae.o (.text)
                  000168e4    00000058                  : ll_enc.o (.text)
                  0001693c    00000058     drivers_cc13x2.aem4f : PowerCC26X2_calibrateRCOSC.oem4f (.text:PowerCC26X2_initiateCalibration)
                  00016994    00000058     project_zero.obj (.text:ProjectZero_enqueueMsg$4)
                  000169ec    00000058     rf_multiMode_cc13x2.aem4f : RFCC26X2_multiMode.c.cc13x2.ccs.o (.text:RF_fsmXOSCState)
                  00016a44    00000058                               : RFCC26X2_multiMode.c.cc13x2.ccs.o (.text:RF_hwiCpe0PowerFsm)
                  00016a9c    00000058     StackWrapper_coc.a : sm_ecc.o (.text)
                  00016af4    00000058     drivers_cc13x2.aem4f : TRNGCC26XX.oem4f (.text:TRNG_init)
                  00016b4c    00000058     boot.aem4f : boot.oem4f (.text)
                  00016ba4    00000058     drivers_cc13x2.aem4f : NVSSPI25X.oem4f (.text:extFlashWaitReady)
                  00016bfc    00000056     rf_multiMode_cc13x2.aem4f : RFCC26X2_multiMode.c.cc13x2.ccs.o (.text:RF_defaultSubmitPolicy)
                  00016c52    00000002     project_zero_app_pem4f.oem4f (.text:ti_sysbios_BIOS_nullFunc__I)
                  00016c54    00000054     drivers_cc13x2.aem4f : AESCCMCC26XX.oem4f (.text:AESCCM_construct)
                  00016ca8    00000054                          : AESCTRCC26XX.oem4f (.text:AESCTR_construct)
                  00016cfc    00000054                          : AESECBCC26XX.oem4f (.text:AESECB_construct)
                  00016d50    00000054     driverlib.lib : chipinfo.obj (.text:NOROM_ChipInfo_GetChipType)
                  00016da4    00000054     nvocmp.obj (.text:NVOCMP_doNVCRC$10)
                  00016df8    00000054     drivers_cc13x2.aem4f : NVSCC26XX.oem4f (.text:NVSCC26XX_init)
                  00016e4c    00000054     OneLib_coc.a : gattservapp.o (.text)
                  00016ea0    00000054                  : ll.o (.text)
                  00016ef4    00000054                  : ll_common.o (.text)
                  00016f48    00000054     StackWrapper_coc.a : osal_bufmgr.o (.text)
                  00016f9c    00000054     drivers_cc13x2.aem4f : StructRingBuf.oem4f (.text:StructRingBuf_put)
                  00016ff0    00000054     acclService.obj (.text:acclService_ReadAttrCB$2)
                  00017044    00000050     drivers_cc13x2.aem4f : AESCTRDRBGXX.oem4f (.text:AESCTRDRBGXX_addBigendCounter)
                  00017094    00000050     button_service.obj (.text:Button_Service_findCharParamId$15)
                  000170e4    00000050     dpl_cc13x2.aem4f : ClockP_tirtos.oem4f (.text:ClockP_construct)
                  00017134    00000050     data_service.obj (.text:Data_Service_findCharParamId$16)
                  00017184    00000050     led_service.obj (.text:LED_Service_findCharParamId$20)
                  000171d4    00000050     OneLib_coc.a : ll_common.o (.text)
                  00017224    00000050                  : ll_common.o (.text)
                  00017274    00000050                  : ll_enc.o (.text)
                  000172c4    00000050     rf_multiMode_cc13x2.aem4f : RFCC26X2_multiMode.c.cc13x2.ccs.o (.text:RF_wakeupNotification)
                  00017314    00000050     drivers_cc13x2.aem4f : SPICC26X2DMA.oem4f (.text:SPICC26X2DMA_close)
                  00017364    00000050     StackWrapper_coc.a : osal.o (.text)
                  000173b4    00000050                        : osal_clock.o (.text)
                  00017404    00000050     drivers_cc13x2.aem4f : TRNGCC26XX.oem4f (.text:TRNGCC26XX_waitForResult)
                  00017454    00000050                          : NVSSPI25X.oem4f (.text:extFlashSpiWrite)
                  000174a4    00000050     oad.obj (.text:oadEnqueueMsg$13)
                  000174f4    0000004e     StackWrapper_coc.a : gap.o (.text)
                  00017542    00000002     rom_sysbios.aem4f : rom_sysbios.obj (.text:ti_sysbios_heaps_HeapCallback_defaultDelete)
                  00017544    0000004c     icall.obj (.text:ICall_newTask$27)
                  00017590    0000004c     nvocmp.obj (.text:NVOCMP_setItemInactive$10)
                  000175dc    0000004c     OneLib_coc.a : ll.o (.text)
                  00017628    0000004c                  : ll_scheduler.o (.text)
                  00017674    0000004c     drivers_cc13x2.aem4f : StructRingBuf.oem4f (.text:StructRingBuf_get)
                  000176c0    0000004c                          : UARTCC26XX.oem4f (.text:UARTCC26XX_readCancel)
                  0001770c    0000004c                          : UDMACC26XX.oem4f (.text:UDMACC26XX_open)
                  00017758    0000004c     util.obj (.text:Util_constructClock)
                  000177a4    0000004c     rtsv7M4_T_le_v4SPD16_eabi.lib : cpy_tbl.c.obj (.text:copy_in)
                  000177f0    0000004c     scif.obj (.text:scifDriverSetupUninit$5)
                  0001783c    0000004c     drivers_cc13x2.aem4f : UARTCC26XX.oem4f (.text:startTxFifoEmptyClk)
                  00017888    0000004c                          : PowerCC26X2.oem4f (.text:switchXOSCHF)
                  000178d4    00000048     CC1352R1_LAUNCHXL_fxns.obj (.text:CC1352R1_LAUNCHXL_wakeUpExtFlash)
                  0001791c    00000048     rf_multiMode_cc13x2.aem4f : rfc.c.cc13x2.ccs.o (.text:NOROM_RFCSynthPowerDown)
                  00017964    00000048     nvocmp.obj (.text:NVOCMP_write$10)
                  000179ac    00000048     drivers_cc13x2.aem4f : NVSSPI25X.oem4f (.text:NVSSPI25X_read)
                  000179f4    00000048                          : NVS.oem4f (.text:NVS_open)
                  00017a3c    00000048     OneLib_coc.a : hci_tl.o (.text)
                  00017a84    00000048                  : ll.o (.text)
                  00017acc    00000048                  : ll_ae.o (.text)
                  00017b14    00000048                  : ll_ae.o (.text)
                  00017b5c    00000048     drivers_cc13x2.aem4f : PINCC26XX.oem4f (.text:PIN_setOutputEnable)
                  00017ba4    00000048                          : PowerCC26X2_calibrateRCOSC.oem4f (.text:PowerCC26X2_RCOSC_clockFunc)
                  00017bec    00000048                          : PowerCC26X2.oem4f (.text:PowerCC26XX_switchXOSC_HF)
                  00017c34    00000048     project_zero.obj (.text:ProjectZero_clearConnListEntry$4)
                  00017c7c    00000048     drivers_cc13x2.aem4f : NVSCC26XX.oem4f (.text:disableFlashCache)
                  00017cc4    00000048                          : NVSSPI25X.oem4f (.text:extFlashMassErase)
                  00017d0c    00000048     rtsv7M4_T_le_v4SPD16_eabi.lib : fd_toi_t2.asm.obj (.text)
                  00017d54    00000048     drivers_cc13x2.aem4f : UARTCC26XX.oem4f (.text:writeFinishedDoCallback)
                  00017d9c    00000046                          : RingBuf.oem4f (.text:RingBuf_put)
                  00017de2    00000002     rom_sysbios.aem4f : rom_sysbios.obj (.text:xdc_runtime_SysCallback_defaultAbort)
                  00017de4    00000044     drivers_cc13x2.aem4f : ECDHCC26X2.oem4f (.text:ECDHCC26X2_waitForResult)
                  00017e28    00000044     driverlib.lib : chipinfo.obj (.text:NOROM_ChipInfo_GetHwRevision)
                  00017e6c    00000044     drivers_cc13x2.aem4f : NVSCC26XX.oem4f (.text:NVSCC26XX_read)
                  00017eb0    00000044     OneLib_coc.a : gattservapp.o (.text)
                  00017ef4    00000044                  : ll.o (.text)
                  00017f38    00000044                  : ll.o (.text)
                  00017f7c    00000044                  : ll_ae.o (.text)
                  00017fc0    00000044     drivers_cc13x2.aem4f : PINCC26XX.oem4f (.text:PIN_swi)
                  00018004    00000044                          : SPI.oem4f (.text:SPI_init)
                  00018048    00000044     StackWrapper_coc.a : osal.o (.text)
                  0001808c    00000044                        : osal_timers.o (.text)
                  000180d0    00000044     drivers_cc13x2.aem4f : UART.oem4f (.text:UART_init)
                  00018114    00000044     oad.obj (.text:oadValidateCandidateHdr$13)
                  00018158    00000044     rtsv7M4_T_le_v4SPD16_eabi.lib : fd_tou_t2.asm.obj (.text)
                  0001819c    00000042     OneLib_coc.a : ll.o (.text)
                  000181de    00000042     drivers_cc13x2.aem4f : SPICC26X2DMA.oem4f (.text:SPICC26X2DMA_swiFxn)
                  00018220    00000040                          : ECDHCC26X2.oem4f (.text:ECDHCC26X2_getPublicKeyResult)
                  00018260    00000040     nvocmp.obj (.text:NVOCMP_compactNvApi$10)
                  000182a0    00000040     OneLib_coc.a : gattservapp.o (.text)
                  000182e0    00000040                  : ll_common.o (.text)
                  00018320    00000040                  : ll_scheduler.o (.text)
                  00018360    00000040     drivers_cc13x2.aem4f : PowerCC26X2.oem4f (.text:PowerCC26XX_isStableXOSC_HF)
                  000183a0    00000040     project_zero.obj (.text:ProjectZero_createTask)
                  000183e0    00000040     drivers_cc13x2.aem4f : Random.oem4f (.text:Random_getNumber)
                  00018420    00000040                          : RingBuf.oem4f (.text:RingBuf_get)
                  00018460    00000040                          : SPI.oem4f (.text:SPI_open)
                  000184a0    00000040     StackWrapper_coc.a : osal.o (.text)
                  000184e0    00000040                        : osal_bufmgr.o (.text)
                  00018520    00000040                        : osal_bufmgr.o (.text)
                  00018560    00000040                        : osal_timers.o (.text)
                  000185a0    00000040     drivers_cc13x2.aem4f : TRNGCC26XX.oem4f (.text:TRNGCC26XX_copyToClient)
                  000185e0    00000040                          : UART.oem4f (.text:UART_open)
                  00018620    00000040     oad.obj (.text:oadCheckFactoryImage$13)
                  00018660    00000040     rtsv7M4_T_le_v4SPD16_eabi.lib : u_divt2.asm.obj (.text)
                  000186a0    00000040     rom_sysbios.aem4f : rom_sysbios.obj (.text:ti_sysbios_family_arm_cc26xx_Timer_setThreshold__I)
                  000186e0    00000040                       : rom_sysbios.obj (.text:ti_sysbios_heaps_HeapCallback_Module_startup__E)
                  00018720    0000003e     dpl_cc13x2.aem4f : HwiP_tirtos.oem4f (.text:HwiP_construct)
                  0001875e    00000002     rom_sysbios.aem4f : rom_sysbios.obj (.text:xdc_runtime_SysCallback_defaultExit)
                  00018760    0000003c     nvocmp.obj (.text:NVOCMP_disableCache$10)
                  0001879c    0000003c     OneLib_coc.a : gattservapp.o (.text)
                  000187d8    0000003c                  : gattservapp.o (.text)
                  00018814    0000003c                  : ll_ae.o (.text)
                  00018850    0000003c                  : ll_scheduler.o (.text)
                  0001888c    0000003c     drivers_cc13x2.aem4f : PINCC26XX.oem4f (.text:PIN_setInterrupt)
                  000188c8    0000003c                          : PINCC26XX.oem4f (.text:PIN_setOutputValue)
                  00018904    0000003c     rf_multiMode_cc13x2.aem4f : RFCC26X2_multiMode.c.cc13x2.ccs.o (.text:RF_cmdGet)
                  00018940    0000003c                               : RFCC26X2_multiMode.c.cc13x2.ccs.o (.text:RF_cmdStoreEvents)
                  0001897c    0000003c     StackWrapper_coc.a : osal.o (.text)
                  000189b8    0000003c                        : osal.o (.text)
                  000189f4    0000003c                        : osal.o (.text)
                  00018a30    0000003c                        : osal_timers.o (.text)
                  00018a6c    0000003c                        : sm_ecc.o (.text)
                  00018aa8    0000003c     dpl_cc13x2.aem4f : SwiP_tirtos.oem4f (.text:SwiP_construct)
                  00018ae4    0000003c     acclService.obj (.text:acclService_WriteAttrCB$2)
                  00018b20    0000003c     drivers_cc13x2.aem4f : NVSCC26XX.oem4f (.text:checkEraseRange)
                  00018b5c    0000003c     rom_sysbios.aem4f : rom_sysbios.obj (.text:ti_sysbios_family_arm_m3_Hwi_construct2__E)
                  00018b98    0000003a     StackWrapper_coc.a : osal.o (.text)
                  00018bd2    0000003a     drivers_cc13x2.aem4f : NVSSPI25X.oem4f (.text:checkEraseRange)
                  00018c0c    0000003a     oad.obj (.text:oadEraseExtFlashPages$13)
                  00018c46    00000002     rom_sysbios.aem4f : rom_sysbios.obj (.text:xdc_runtime_SysCallback_defaultFlush)
                  00018c48    00000038     driverlib.lib : osc.obj (.text:NOROM_OSC_HPOSCRelativeFrequencyOffsetGet)
                  00018c80    00000038     nvocmp.obj (.text:NVOCMP_findPage$10)
                  00018cb8    00000038     oad.obj (.text:OAD_getSWVersion)
                  00018cf0    00000038     OneLib_coc.a : hci.o (.text)
                  00018d28    00000038                  : ll_common.o (.text)
                  00018d60    00000038                  : ll_enc.o (.text)
                  00018d98    00000038                  : ll_scheduler.o (.text)
                  00018dd0    00000038     drivers_cc13x2.aem4f : PINCC26XX.oem4f (.text:PIN_setConfig)
                  00018e08    00000038     rf_multiMode_cc13x2.aem4f : RFCC26X2_multiMode.c.cc13x2.ccs.o (.text:RF_checkCmdFsError)
                  00018e40    00000038                               : RFCC26X2_multiMode.c.cc13x2.ccs.o (.text:RF_powerConstraintRelease)
                  00018e78    00000038     StackWrapper_coc.a : osal_timers.o (.text)
                  00018eb0    00000038                        : rtls_srv.o (.text)
                  00018ee8    00000038     drivers_cc13x2.aem4f : PowerCC26X2.oem4f (.text:notify)
                  00018f20    00000038                          : UARTCC26XX.oem4f (.text:readData)
                  00018f58    00000038     scif_framework.obj (.text:scifOsalInit)
                  00018f90    00000038     rom_sysbios.aem4f : rom_sysbios.obj (.text:ti_sysbios_family_arm_cc26xx_Timer_getCurrentTick__E)
                  00018fc8    00000038     drivers_cc13x2.aem4f : UARTCC26XX.oem4f (.text:writeData)
                  00019000    00000036                          : ECDHCC26X2.oem4f (.text:ECDHCC26X2_convertReturnValue)
                  00019036    00000036     StackWrapper_coc.a : ble_dispatch_lite.o (.text)
                  0001906c    00000036     drivers_cc13x2.aem4f : UDMACC26XX.oem4f (.text:UDMACC26XX_close)
                  000190a2    00000036     rom_sysbios.aem4f : rom_sysbios.obj (.text:ti_sysbios_family_arm_cc26xx_Timer_setNextTick__E)
                  000190d8    00000034     gattservapp_util.obj (.text:GATTServApp_InitCharCfg)
                  0001910c    00000034     icall.obj (.text:ICall_heapFree)
                  00019140    00000034     icall.obj (.text:ICall_primEntityId2ServiceId$27)
                  00019174    00000034     icall.obj (.text:ICall_searchServiceEntity)
                  000191a8    00000034     driverlib.lib : sys_ctrl.obj (.text:NOROM_SysCtrlIdle)
                  000191dc    00000034     nvocmp.obj (.text:NVOCMP_loadApiPtrsMin)
                  00019210    00000034     drivers_cc13x2.aem4f : NVSSPI25X.oem4f (.text:NVSSPI25X_init)
                  00019244    00000034     OneLib_coc.a : hci.o (.text)
                  00019278    00000034                  : hci_tl.o (.text)
                  000192ac    00000034                  : ll_scheduler.o (.text)
                  000192e0    00000034     rf_multiMode_cc13x2.aem4f : RFCC26X2_multiMode.c.cc13x2.ccs.o (.text:RF_runDirectImmediateCmd)
                  00019314    00000034     StackWrapper_coc.a : gapbondmgr.o (.text)
                  00019348    00000034                        : icall_startup.o (.text)
                  0001937c    00000034     drivers_cc13x2.aem4f : NVSSPI25X.oem4f (.text:extFlashPowerStandby)
                  000193b0    00000034                          : NVSSPI25X.oem4f (.text:extFlashWriteEnable)
                  000193e4    00000034     scif_framework.obj (.text:osalRegisterCtrlReadyInt$6)
                  00019418    00000034     scif_framework.obj (.text:osalRegisterTaskAlertInt$6)
                  0001944c    00000034     drivers_cc13x2.aem4f : UARTCC26XX.oem4f (.text:readData2RingBuf)
                  00019480    00000034     scif_framework.obj (.text:scifReinitIo)
                  000194b4    00000034     scif_framework.obj (.text:scifUninitIo)
                  000194e8    00000034     rom_sysbios.aem4f : rom_sysbios.obj (.text:ti_sysbios_knl_Swi_setPri__E)
                  0001951c    00000032                       : rom_sysbios.obj (.text:ti_sysbios_gates_GateMutexPri_insertPri__I)
                  0001954e    00000002                       : rom_sysbios.obj (.text:xdc_runtime_SysCallback_defaultPutch)
                  00019550    00000030     drivers_cc13x2.aem4f : AESECBCC26XX.oem4f (.text:AESECB_cleanup)
                  00019580    00000030                          : GPIOCC26XX.oem4f (.text:GPIO_hwiIntFxn)
                  000195b0    00000030                          : GPIOCC26XX.oem4f (.text:GPIO_setCallback)
                  000195e0    00000030     icall.obj (.text:ICall_dispatch$27)
                  00019610    00000030     icall.obj (.text:ICall_msecs2Ticks$27)
                  00019640    00000030     nvocmp.obj (.text:NVOCMP_verifyCRC$10)
                  00019670    00000030     drivers_cc13x2.aem4f : NVSCC26XX.oem4f (.text:NVSCC26XX_erase)
                  000196a0    00000030                          : NVSSPI25X.oem4f (.text:NVSSPI25X_erase)
                  000196d0    00000030     OneLib_coc.a : ll_scheduler.o (.text)
                  00019700    00000030     drivers_cc13x2.aem4f : PINCC26XX.oem4f (.text:PINCC26XX_setMux)
                  00019730    00000030                          : PowerCC26X2.oem4f (.text:Power_releaseConstraint)
                  00019760    00000030                          : PowerCC26X2.oem4f (.text:Power_setConstraint)
                  00019790    00000030     StackWrapper_coc.a : osal_timers.o (.text)
                  000197c0    00000030                        : rtls_srv.o (.text)
                  000197f0    00000030     drivers_cc13x2.aem4f : TRNGCC26XX.oem4f (.text:TRNGCC26XX_fillEntropyPool)
                  00019820    00000030     rf_multiMode_cc13x2.aem4f : rf_patch_cpe_multi_protocol_rtls.c.cc13x2.ccs.o (.text:applyMultiProtocolRtlsPatch)
                  00019850    00000030     scif_framework.obj (.text:scifSetMcuwusel$6)
                  00019880    00000030     project_zero_app_pem4f.oem4f (.text:ti_sysbios_BIOS_atExitFunc__I)
                  000198b0    00000030     project_zero_app_pem4f.oem4f (.text:ti_sysbios_BIOS_startFunc__I)
                  000198e0    00000030     rom_sysbios.aem4f : rom_sysbios.obj (.text:ti_sysbios_family_arm_cc26xx_Timer_initDevice__I)
                  00019910    00000030     project_zero_app_pem4f.oem4f (.text:ti_sysbios_gates_GateMutexPri_Object__create__S)
[...]
20000fae  gapScanPackedAdvRptSize                                         
20000faf  fltPduTypeWanted                                                
20000fb0  fltPduTypeMask                                                  
20000fb1  gapTaskID                                                       
20000fb2  gattNumConns                                                    
20000fb3  gattTaskID                                                      
20000fb4  GATTServApp_TaskID                                              
20000fb5  maxNumPrepareWrites                                             
20000fb6  hciPTMenabled                                                   
20000fb7  ctrlToHostEnable                                                
20000fb8  l2capFlowCtrlMode                                               
20000fb9  l2capTaskID                                                     
20000fba  l2capNumChannels                                                
20000fbb  l2capNumDataPkts                                                
20000fbc  l2capNumPSM                                                     
20000fbd  l2capNumCoChannels                                              
20000fbe  l2cap_gattServAppTaskID                                         
20000fbf  l2capId                                                         
20000fc1  linkDBNumConns                                                  
20000fc2  linkDB_secureConnectionOnlyMode                                 
20000fc3  maxPduSize                                                      
20000fc4  rfFeModeBias                                                    
20000fc5  defaultPhy                                                      
20000fc6  maxNumTxDataBufs                                                
20000fc7  LL_TaskID                                                       
20000fc8  llState                                                         
20000fc9  rssiCorrection                                                  
20000fca  curTxPowerVal                                                   
20000fcb  maxTxPwrForDTM                                                  
20000fcc  onePktPerEvt                                                    
20000fcd  numComplPkts                                                    
20000fce  numComplPktsLimit                                               
20000fcf  numComplPktsFlush                                               
20000fd0  fastTxRespTime                                                  
20000fd1  slOverride                                                      
20000fd2  rxFifoFlowCtrl                                                  
20000fd3  numTxDataBufs                                                   
20000fd4  maxNumConns                                                     
20000fd5  aeCurHandle                                                     
20000fd6  aeCurAdvEnableHandle                                            
20000fd7  aeCurConnHandle                                                 
20000fd8  extScanIndex                                                    
20000fd9  extInitIndex                                                    
20000fda  scanState                                                       
20000fdb  lastPrimPhy                                                     
20000fdc  lastScanRsp                                                     
20000fdd  smTaskID                                                        
20000fde  SM_appExpectingKey                                              
20001b20  ramStartHere                                                    
20001b27  send_now                                                        
20001bac  ledPinTable                                                     
20001bb8  buttonPinTable                                                  
20001d00  pzTask                                                          
20001d50  appTaskStack                                                    
20002550  uartLog_tail                                                    
20002551  uartLog_head                                                    
20002552  uartLog_evBufIsEmpty                                            
20002554  uartLog_evtNum                                                  
2000255c  uartLog_outBuf                                                  
20002608  uartLog_evBuf                                                   
20002b1a  metaPage                                                        
20002eb0  PowerCC26X2_module                                              
20002fc0  ROM_stateStruct                                                 
20002fc0  ti_sysbios_knl_Clock_Module__state__V                           
20002fec  ti_sysbios_family_arm_cc26xx_TimestampProvider_Module__state__V 
20002ff0  xdc_runtime_Startup_Module__state__V                            
20002ff8  xdc_runtime_Registry_Module__state__V                           
20003000  ti_sysbios_BIOS_Module__state__V                                
20003024  ti_sysbios_knl_Swi_Module__state__V                             
20003040  ti_sysbios_knl_Task_Module__state__V                            
20003084  xdc_runtime_Memory_Module__state__V                             
20003088  xdc_runtime_System_Module__state__V                             
20003090  ti_sysbios_family_arm_m3_Hwi_Module__state__V                   
200030c4  ti_sysbios_family_arm_cc26xx_Timer_Module__state__V             
200031bc  gapAttrTbl                                                      
2000331c  ICall_enterCriticalSection                                      
20003320  ICall_leaveCriticalSection                                      
20003324  ICall_dispatcher                                                
20003338  heapmgrMemFreeTotal                                             
20003344  HEAPMGR_SIZE                                                    
200034c8  pairMode                                                        
200034c9  mitm                                                            
200034ca  ioCap                                                           
200034cb  bonding                                                         
200034cc  secureConnection                                                
200034cd  autoSyncWL                                                      
200034ce  eccReGenPolicy                                                  
200034cf  KeySize                                                         
200034d0  removeLRUBond                                                   
200034d1  KeyDistList                                                     
200034d2  eccDebugKeys                                                    
200034d3  advData1                                                        
200034e4  scanResData1                                                    
200034f6  attDeviceName                                                   
2000350c  advParams1                                                      
2000352a  gAction                                                         
2000352b  NVOCMP_size                                                     
20003558  NVOCMP_nvHandle                                                 
200035e4  llUserConfig                                                    
2000363c  RF_BLE_txPowerTable                                             
200036d8  ti_sysbios_knl_Task_Object__table__V                            
20003724  patchedSlaveCtrlPktList                                         
20003728  ti_sysbios_family_arm_cc26xx_Timer_Object__table__V             
20003770  gattAttrTbl                                                     
200037b0  eccParams_NISTP256                                              
200037f0  ti_sysbios_gates_GateMutex_Object__table__V                     
20003828  nvintfFncStruct                                                 
20003858  ti_sysbios_knl_Swi_Module_State_0_readyQ__A                     
20003888  ti_sysbios_knl_Swi_Object__table__V                             
200038b8  ti_sysbios_knl_Task_Module_State_0_readyQ__A                    
200038e8  pOverrides_bleCommon                                            
20003914  halAssertCback                                                  
20003938  ti_sysbios_knl_Clock_Object__table__V                           
20003958  xdc_runtime_Error_IgnoreBlock                                   
20003990  ti_sysbios_family_arm_m3_Hwi_Object__table__V                   
200039a8  gpioCallbackFunctions                                           
200039bc  gpioPinConfigs                                                  
200039d0  rfMode                                                          
200039e0  sizeInfo                                                        
20003a00  bleAppServiceInfoTable                                          
20003a10  pfnBMAlloc                                                      
20003a14  pfnBMFree                                                       
20003a18  pRfErrCb                                                        
20003a1c  lastAppOpcodeIdxSent                                            
20003a20  pOverrides_ble2Mbps                                             
20003a30  pOverrides_bleCoded                                             
20003a40  user0Cfg                                                        
20003a50  pOverrides_ble1Mbps                                             
20003a5c  ti_sysbios_heaps_HeapCallback_Object__table__V                  
20003a7c  bleUserCfg_maxPduSize                                           
20003a80  appAssertCback                                                  
20003a84  _lock                                                           
20003a88  _unlock                                                         
20003a8c  periConnParameters                                              
20003a94  pinUpperBound                                                   
20003a98  pinLowerBound                                                   
20003aa4  ti_sysbios_family_arm_m3_Hwi_Module__root__V                    
20003aac  ti_sysbios_gates_GateHwi_Module__root__V                        
20003ab4  ti_sysbios_gates_GateMutexPri_Module__root__V                   
20003abc  ti_sysbios_gates_GateMutex_Module__root__V                      
20003ac4  ti_sysbios_hal_Hwi_Module__root__V                              
20003acc  ti_sysbios_heaps_HeapCallback_Module__root__V                   
20003ad4  ti_sysbios_heaps_HeapMem_Module__root__V                        
20003adc  ti_sysbios_knl_Clock_Module__root__V                            
20003ae4  ti_sysbios_knl_Event_Module__root__V                            
20003aec  ti_sysbios_knl_Mailbox_Module__root__V                          
20003af4  ti_sysbios_knl_Queue_Module__root__V                            
20003afc  ti_sysbios_knl_Semaphore_Module__root__V                        
20003b04  ti_sysbios_knl_Swi_Module__root__V                              
20003b0c  ti_sysbios_knl_Task_Module__root__V                             
20003b19  deviceNameCharProps                                             
20003b1a  llUserConfig_maxPduSize                                         
20003b1c  icallServiceTblPtr                                              
20003b24  main_func_sp                                                    
20003b28  ti_sysbios_family_arm_m3_Hwi_Module_State_0_excContext__A       
20003b2c  ti_sysbios_family_arm_m3_Hwi_Module_State_0_excStack__A         
20003b30  ti_sysbios_knl_Task_Module_State_0_idleTask__A                  
20003b34  patchedMasterCtrlPktList                                        
20003b36  baseTaskID                                                      
20003b3c  CryptoResourceCC26XX_pollingFlag                                
20003b3e  PKAResourceCC26XX_pollingFlag                                   
20003b46  ti_sysbios_family_arm_m3_Hwi_Module_State_0_excActive__A        
20003b48  appearanceCharProps                                             
20003b49  periConnParamCharProps                                          
20003b4a  centAddrResCharProps                                            
20003b4b  centAddrRes                                                     
20003b4c  resolvablePrivateAddressOnlyCharProps                           
20003b4d  sizeOfAllExtConnParam                                           
20003b4e  rfRatHandle                                                     
20003b4f  gapEndAppTaskID                                                 
20003b50  gapAppTaskID                                                    
20003b51  legacyMode                                                      
20003fd0  ti_sysbios_knl_Task_Instance_State_0_stack__A                   
200042d0  uartCC26XXObjects                                               
200043fc  crcBuf                                                          
200044fc  ti_sysbios_family_arm_m3_Hwi_dispatchTable                      
200045d4  spiCC26X2DMAObjects                                             
200046a8  pinHandleTable                                                  
20004724  cbTimers                                                        
2000479c  aesctrdrbgXXObjects                                             
200047f4  trngCC26XXObjects                                               
200048b4  nvFptrs                                                         
200048e4  dmmPolicyManager                                                
20004908  gapBond_remoteOobData                                           
20004928  gapBond_localOobData                                            
200049a8  ecdhCC26X2Objects                                               
200049c8  udmaCC26XXObject                                                
20004a74  CryptoResourceCC26XX_accessSemaphore                            
20004a90  CryptoResourceCC26XX_hwi                                        
20004aac  CryptoResourceCC26XX_operationSemaphore                         
20004ac8  PKAResourceCC26XX_accessSemaphore                               
20004ae4  PKAResourceCC26XX_hwi                                           
20004b00  PKAResourceCC26XX_operationSemaphore                            
20004b1c  deviceName                                                      
20004b34  aesccmCC26XXObjects                                             
20004b4c  aesctrCC26XXObjects                                             
20004b64  aesecbCC26XXObjects                                             
20004bb4  cteAntennaProp                                                  
20004bc0  llTaskList                                                      
20004bf0  nvsSPI25XObjects                                                
20004bfc  secondaryAdvChannelMap                                          
20004c04  gExtEvtState                                                    
20004c14  ggs_AppCBs                                                      
20004c18  LSTORecoveryArr                                                 
20004c1c  llCte                                                           
20004c20  llConnExtParam                                                  
20004c24  extStackSettings                                                
20004c28  trngHandle                                                      
20004c2c  enableRamCmd                                                    
20004c30  llCurrentMappedChan                                             
20004c34  drbgHandle                                                      
20004c38  pRpaCfg                                                         
20004c3c  gapBond_lruBondList                                             
20004c40  gapBondStateNodeHead                                            
20004c44  osal_syncHandle                                                 
20004c48  osal_tickperiod                                                 
20004c4c  osal_max_msecs                                                  
20004c50  osal_icallMsg_hook                                              
20004c54  osal_qHead                                                      
20004c58  osal_eventloop_hook                                             
20004c64  OSAL_timeSeconds                                                
20004c68  timerHead                                                       
20004c70  osal_last_timestamp                                             
20004c74  gAppCB                                                          
20004c84  ClockP_tickPeriod                                               
20004c88  PowerCC26XX_swiKey                                              
20004c8c  PowerCC26XX_taskKey                                             
20004c90  nvsCC26XXObjects                                                
20004c94  tasksEvents                                                     
20004c98  appearance                                                      
20004c9a  maximumPduSize                                                  
20004c9e  pwrmgr_attribute                                                
20004ca0  resolvablePrivateAddressOnly                                    
20004ca1  hciTaskID                                                       
20004ca2  hciL2capTaskID                                                  
20004ca3  hciGapTaskID                                                    
20004ca4  hciSmpTaskID                                                    
20004ca5  hciTestTaskID                                                   
20004ca6  secondaryAdvChannelMapPopCount                                  
20004ca7  scanReqRpt                                                      
20004ca8  wlSize                                                          
20004ca9  rlSize                                                          
20004caa  decryptResult                                                   
20004cab  icall_liteTaskId                                                
20004cac  gapBond_removeLRUBond                                           
20004cad  gapBond_syncRL                                                  
20004cae  assertSubcause                                                  
20004caf  osal_entity                                                     
20004cb0  pwrmgr_initialized                                              
20004cb1  gNumAnt                                                         
20004cb3  driverlib_release_0_55938                                       
20004cb4  heapStart                                                       
20013c00  __stack                                                         
20013c00  heapEnd                                                         
20014000  __STACK_END                                                     
20014000  __STACK_TOP                                                     
20014000  __UNUSED_SRAM_end__                                             
e000e000  ti_sysbios_family_arm_m3_Hwi_nvic                               
ffffffff  __TI_pprof_out_hndl                                             
ffffffff  __TI_prof_data_size                                             
ffffffff  __TI_prof_data_start                                            
ffffffff  __binit__                                                       
ffffffff  __c_args__                                                      
ffffffff  binit                                                           
UNDEFED   SHT$$INIT_ARRAY$$Base                                           
UNDEFED   SHT$$INIT_ARRAY$$Limit                                          

[2982 symbols]
