******************************************************************************
                  TI ARM Linker PC v18.12.4                    
******************************************************************************
>> Linked Wed Feb 19 19:36:26 2020

OUTPUT FILE NAME:   <project_zero_app_CC13X2R1_LAUNCHXL_tirtos_ccs.out>
ENTRY POINT SYMBOL: "ResetISR"  address: 000167f9


MEMORY CONFIGURATION

         name            origin    length      used     unused   attr    fill
----------------------  --------  ---------  --------  --------  ----  --------
  FLASH_IMG_HDR         00000000   00000090  0000008d  00000003  R  X
  ENTRY                 00000090   00000040  0000003c  00000004  R  X
  FLASH                 000000d0   000560d0  000256bb  00030a15  R  X
  RTOS_SRAM             20000000   0000012c  000000e4  00000048  RW X
  SRAM                  20000fdf   00013021  00003584  0000fa9d  RW X


SEGMENT ALLOCATION MAP

run origin  load origin   length   init length attrs members
----------  ----------- ---------- ----------- ----- -------
00000000    00000000    00021790   00021790    r-x
  00000000    00000000    0000008d   0000008d    r-- .image_header
  00000090    00000090    0000003c   0000003c    r-- .resetVecs
  000000d0    000000d0    0001be28   0001be28    r-x .text
  0001bef8    0001bef8    00003603   00003603    r-- .const
  0001f4fc    0001f4fc    00000208   00000208    r-- .rodata
  0001f708    0001f708    00002088   00002088    r-- .cinit
00048000    00048000    00004000   00000000    rw-
  00048000    00048000    00004000   00000000    rw- .TI.bound:flashBuf0
20000100    20000100    0000000c   00000000    rw-
  20000100    20000100    00000004   00000000    rw- .data:xdcRomConstPtr
  20000104    20000104    00000004   00000000    rw- .data:xdcRomExternFuncPtr
  20000108    20000108    00000004   00000000    rw- .data:xdcRomStatePtr
20001830    20001830    00000010   00000000    rw-
  20001830    20001830    00000010   00000000    rw- .TI.bound:dmaSpi0RxControlTableEntry
20001840    20001840    00000010   00000000    rw-
  20001840    20001840    00000010   00000000    rw- .TI.bound:dmaSpi0TxControlTableEntry
20001900    20001900    00000010   00000000    rw-
  20001900    20001900    00000010   00000000    rw- .TI.bound:dmaSpi1RxControlTableEntry
20001910    20001910    00000010   00000000    rw-
  20001910    20001910    00000010   00000000    rw- .TI.bound:dmaSpi1TxControlTableEntry
20001a30    20001a30    00000010   00000000    rw-
  20001a30    20001a30    00000010   00000000    rw- .TI.bound:dmaSpi0RxAltControlTableEntry
20001a40    20001a40    00000010   00000000    rw-
  20001a40    20001a40    00000010   00000000    rw- .TI.bound:dmaSpi0TxAltControlTableEntry
20001b00    20001b00    00000010   00000000    rw-
  20001b00    20001b00    00000010   00000000    rw- .TI.bound:dmaSpi1RxAltControlTableEntry
20001b10    20001b10    00003114   00000000    rw-
  20001b10    20001b10    00000010   00000000    rw- .TI.bound:dmaSpi1TxAltControlTableEntry
  20001b20    20001b20    00001fa9   00000000    rw- .data
  20003ad0    20003ad0    00001154   00000000    rw- .bss
20013c00    20013c00    00000400   00000000    rw-
  20013c00    20013c00    00000400   00000000    rw- .stack


SECTION ALLOCATION MAP

 output                                  attributes/
section   page    origin      length       input sections
--------  ----  ----------  ----------   ----------------
.data:xdcRomConstPtr 
*          0    20000100    00000004     UNINITIALIZED
                  20000100    00000004     project_zero_app_pem4f.oem4f (.data:xdcRomConstPtr)

.data:xdcRomExternFuncPtr 
*          0    20000104    00000004     UNINITIALIZED
                  20000104    00000004     project_zero_app_pem4f.oem4f (.data:xdcRomExternFuncPtr)

.data:xdcRomStatePtr 
*          0    20000108    00000004     UNINITIALIZED
                  20000108    00000004     project_zero_app_pem4f.oem4f (.data:xdcRomStatePtr)

.bootVecs 
*          0    00000000    00000008     DSECT
                  00000000    00000008     boot.aem4f : boot.oem4f (.bootVecs)

.resetVecs 
*          0    00000090    0000003c     
                  00000090    0000003c     project_zero_app_pem4f.oem4f (.resetVecs)

.vecs      0    20000000    000000d8     NOLOAD SECTION
                  20000000    000000d8     project_zero_app_pem4f.oem4f (.vecs)

xdc.meta   0    00000000    00000115     COPY SECTION
                  00000000    00000115     project_zero_app_pem4f.oem4f (xdc.meta)

xdc.noload 
*          0    00000000    00000000     COPY SECTION

.image_header 
*          0    00000000    0000008d     
                  00000000    0000008d     oad_image_header_app.obj (.image_header:retain)

.resetVecs 
*          0    00000090    00000000     UNINITIALIZED

.intvecs   0    00000090    00000000     UNINITIALIZED

EntrySection 
*          0    00000090    00000000     UNINITIALIZED

.cinit     0    0001f708    00002088     
                  0001f708    00001fb1     (.cinit..data.load) [load image]
                  000216b9    00000003     --HOLE-- [fill = 0]
                  000216bc    0000000c     (__TI_handler_table)
                  000216c8    00000008     (.cinit..TI.bound:dmaSpi0RxAltControlTableEntry.load) [load image, compression = zero_init]
                  000216d0    00000008     (.cinit..TI.bound:dmaSpi0RxControlTableEntry.load) [load image, compression = zero_init]
                  000216d8    00000008     (.cinit..TI.bound:dmaSpi0TxAltControlTableEntry.load) [load image, compression = zero_init]
                  000216e0    00000008     (.cinit..TI.bound:dmaSpi0TxControlTableEntry.load) [load image, compression = zero_init]
                  000216e8    00000008     (.cinit..TI.bound:dmaSpi1RxAltControlTableEntry.load) [load image, compression = zero_init]
                  000216f0    00000008     (.cinit..TI.bound:dmaSpi1RxControlTableEntry.load) [load image, compression = zero_init]
                  000216f8    00000008     (.cinit..TI.bound:dmaSpi1TxAltControlTableEntry.load) [load image, compression = zero_init]
                  00021700    00000008     (.cinit..TI.bound:dmaSpi1TxControlTableEntry.load) [load image, compression = zero_init]
                  00021708    00000008     (.cinit..bss.load) [load image, compression = zero_init]
                  00021710    00000008     (.cinit..data:xdcRomConstPtr.load) [load image, compression = lzss]
                  00021718    00000008     (.cinit..data:xdcRomExternFuncPtr.load) [load image, compression = lzss]
                  00021720    00000008     (.cinit..data:xdcRomStatePtr.load) [load image, compression = lzss]
                  00021728    00000068     (__TI_cinit_table)

.TI.bound:flashBuf0 
*          0    00048000    00004000     UNINITIALIZED
                  00048000    00004000     ti_drivers_config.obj (.TI.bound:flashBuf0)

.TI.bound:dmaSpi0RxControlTableEntry 
*          0    20001830    00000010     UNINITIALIZED
                  20001830    00000010     drivers_cc13x2.aem4f : SPICC26X2DMA.oem4f (.TI.bound:dmaSpi0RxControlTableEntry)

.TI.bound:dmaSpi0TxControlTableEntry 
*          0    20001840    00000010     UNINITIALIZED
                  20001840    00000010     drivers_cc13x2.aem4f : SPICC26X2DMA.oem4f (.TI.bound:dmaSpi0TxControlTableEntry)

.TI.bound:dmaSpi1RxControlTableEntry 
*          0    20001900    00000010     UNINITIALIZED
                  20001900    00000010     drivers_cc13x2.aem4f : SPICC26X2DMA.oem4f (.TI.bound:dmaSpi1RxControlTableEntry)

.TI.bound:dmaSpi1TxControlTableEntry 
*          0    20001910    00000010     UNINITIALIZED
                  20001910    00000010     drivers_cc13x2.aem4f : SPICC26X2DMA.oem4f (.TI.bound:dmaSpi1TxControlTableEntry)

.TI.bound:dmaSpi0RxAltControlTableEntry 
*          0    20001a30    00000010     UNINITIALIZED
                  20001a30    00000010     drivers_cc13x2.aem4f : SPICC26X2DMA.oem4f (.TI.bound:dmaSpi0RxAltControlTableEntry)

.TI.bound:dmaSpi0TxAltControlTableEntry 
*          0    20001a40    00000010     UNINITIALIZED
                  20001a40    00000010     drivers_cc13x2.aem4f : SPICC26X2DMA.oem4f (.TI.bound:dmaSpi0TxAltControlTableEntry)

.TI.bound:dmaSpi1RxAltControlTableEntry 
*          0    20001b00    00000010     UNINITIALIZED
                  20001b00    00000010     drivers_cc13x2.aem4f : SPICC26X2DMA.oem4f (.TI.bound:dmaSpi1RxAltControlTableEntry)

.TI.bound:dmaSpi1TxAltControlTableEntry 
*          0    20001b10    00000010     UNINITIALIZED
                  20001b10    00000010     drivers_cc13x2.aem4f : SPICC26X2DMA.oem4f (.TI.bound:dmaSpi1TxAltControlTableEntry)

.data      0    20001b20    00001fa9     UNINITIALIZED
                  20001b20    00000a30     project_zero.obj (.data:$O4$$)
                  20002550    000005b8     UartLog.obj (.data:$O19$$)
                  20002b08    000001d4     devinfoservice.obj (.data:$O14$$)
                  20002cdc    000001d4     oad.obj (.data:$O8$$)
                  20002eb0    00000110     drivers_cc13x2.aem4f : PowerCC26X2.oem4f (.data:PowerCC26X2_module)
                  20002fc0    0000010c     project_zero_app_pem4f.oem4f (.data:ROM_stateStruct)
                  200030cc    000000f0     StackWrapper_coc.a : gapbondmgr.o (.data)
                  200031bc    000000b0     OneLib_coc.a : gapgattserver.o (.data)
                  2000326c    000000ac     data_service.obj (.data:$O12$$)
                  20003318    0000009c     icall.obj (.data:$O20$$)
                  200033b4    00000084     button_service.obj (.data:$O10$$)
                  20003438    00000060     ti_ble_config.obj (.data:$O1$$)
                  20003498    00000060     nvocmp.obj (.data:$O6$$)
                  200034f8    0000005c     led_service.obj (.data:$O16$$)
                  20003554    00000058     OneLib_coc.a : ll_config.o (.data)
                  200035ac    00000050     ti_radio_config.obj (.data:RF_BLE_txPowerTable)
                  200035fc    0000004c     acclService.obj (.data:$O2$$)
                  20003648    0000004c     project_zero_app_pem4f.oem4f (.data:ti_sysbios_knl_Task_Object__table__V)
                  20003694    00000004     OneLib_coc.a : ll_slave_end_causes.o (.data)
                  20003698    00000048     project_zero_app_pem4f.oem4f (.data:ti_sysbios_family_arm_cc26xx_Timer_Object__table__V)
                  200036e0    00000040     OneLib_coc.a : gattservapp.o (.data)
                  20003720    00000040     ble_user_config.obj (.data:eccParams_NISTP256)
                  20003760    00000038     project_zero_app_pem4f.oem4f (.data:ti_sysbios_gates_GateMutex_Object__table__V)
                  20003798    00000030     icall_user_config.obj (.data:nvintfFncStruct)
                  200037c8    00000030     project_zero_app_pem4f.oem4f (.data:ti_sysbios_knl_Swi_Module_State_0_readyQ__A)
                  200037f8    00000030     project_zero_app_pem4f.oem4f (.data:ti_sysbios_knl_Swi_Object__table__V)
                  20003828    00000030     project_zero_app_pem4f.oem4f (.data:ti_sysbios_knl_Task_Module_State_0_readyQ__A)
                  20003858    0000002c     ti_radio_config.obj (.data:pOverrides_bleCommon)
                  20003884    00000004     StackWrapper_coc.a : hal_assert.o (.data)
                  20003888    00000020     drivers_cc13x2.aem4f : TRNGCC26XX.oem4f (.data:entropyPoolBuffer)
                  200038a8    00000020     project_zero_app_pem4f.oem4f (.data:ti_sysbios_knl_Clock_Object__table__V)
                  200038c8    00000020     project_zero_app_pem4f.oem4f (.data:xdc_runtime_Error_IgnoreBlock)
                  200038e8    00000018     flash_interface_ext_rtos_NVS.obj (.data:$O7$$)
                  20003900    00000018     project_zero_app_pem4f.oem4f (.data:ti_sysbios_family_arm_m3_Hwi_Object__table__V)
                  20003918    00000014     ti_drivers_config.obj (.data:gpioCallbackFunctions)
                  2000392c    00000014     ti_drivers_config.obj (.data:gpioPinConfigs)
                  20003940    00000010     OneLib_coc.a : ll.o (.data)
                  20003950    00000010                  : ll_data.o (.data)
                  20003960    00000010     StackWrapper_coc.a : osal.o (.data)
                  20003970    00000010     icall_user_config.obj (.data:bleAppServiceInfoTable)
                  20003980    00000010     icall_api_lite.obj (.data)
                  20003990    00000010     ti_radio_config.obj (.data:pOverrides_ble2Mbps)
                  200039a0    00000010     ti_radio_config.obj (.data:pOverrides_bleCoded)
                  200039b0    00000010     main.obj (.data:user0Cfg)
                  200039c0    0000000c     ti_radio_config.obj (.data:pOverrides_ble1Mbps)
                  200039cc    0000000c     project_zero_app_pem4f.oem4f (.data:ti_sysbios_heaps_HeapCallback_Object__table__V)
                  200039d8    00000009     devinfoservice.obj (.data)
                  200039e1    00000001     OneLib_coc.a : gapgattserver.o (.data)
                  200039e2    00000002                  : ll_config.o (.data)
                  200039e4    00000008     icall_cc2650.obj (.data:$O22$$)
                  200039ec    00000008     ble_user_config.obj (.data:$O23$$)
                  200039f4    00000008     rtsv7M4_T_le_v4SPD16_eabi.lib : _lock.c.obj (.data:$O26$$)
                  200039fc    00000008     OneLib_coc.a : gapgattserver.o (.data)
                  20003a04    00000008     drivers_cc13x2.aem4f : PINCC26XX.oem4f (.data)
                  20003a0c    00000008                          : TRNGCC26XX.oem4f (.data:jobList)
                  20003a14    00000008     project_zero_app_pem4f.oem4f (.data:ti_sysbios_family_arm_m3_Hwi_Module__root__V)
                  20003a1c    00000008     project_zero_app_pem4f.oem4f (.data:ti_sysbios_gates_GateHwi_Module__root__V)
                  20003a24    00000008     project_zero_app_pem4f.oem4f (.data:ti_sysbios_gates_GateMutexPri_Module__root__V)
                  20003a2c    00000008     project_zero_app_pem4f.oem4f (.data:ti_sysbios_gates_GateMutex_Module__root__V)
                  20003a34    00000008     project_zero_app_pem4f.oem4f (.data:ti_sysbios_hal_Hwi_Module__root__V)
                  20003a3c    00000008     project_zero_app_pem4f.oem4f (.data:ti_sysbios_heaps_HeapCallback_Module__root__V)
                  20003a44    00000008     project_zero_app_pem4f.oem4f (.data:ti_sysbios_heaps_HeapMem_Module__root__V)
                  20003a4c    00000008     project_zero_app_pem4f.oem4f (.data:ti_sysbios_knl_Clock_Module__root__V)
                  20003a54    00000008     project_zero_app_pem4f.oem4f (.data:ti_sysbios_knl_Event_Module__root__V)
                  20003a5c    00000008     project_zero_app_pem4f.oem4f (.data:ti_sysbios_knl_Mailbox_Module__root__V)
                  20003a64    00000008     project_zero_app_pem4f.oem4f (.data:ti_sysbios_knl_Queue_Module__root__V)
                  20003a6c    00000008     project_zero_app_pem4f.oem4f (.data:ti_sysbios_knl_Semaphore_Module__root__V)
                  20003a74    00000008     project_zero_app_pem4f.oem4f (.data:ti_sysbios_knl_Swi_Module__root__V)
                  20003a7c    00000008     project_zero_app_pem4f.oem4f (.data:ti_sysbios_knl_Task_Module__root__V)
                  20003a84    00000005     drivers_cc13x2.aem4f : GPIOCC26XX.oem4f (.data)
                  20003a89    00000001     OneLib_coc.a : gapgattserver.o (.data)
                  20003a8a    00000002                  : ll_master_end_causes.o (.data)
                  20003a8c    00000004     ble_user_config_stack.obj (.data)
                  20003a90    00000004     drivers_cc13x2.aem4f : GPIOCC26XX.oem4f (.data:gpioPinTable)
                  20003a94    00000004     rtsv7M4_T_le_v4SPD16_eabi.lib : stkdepth_vars.c.obj (.data)
                  20003a98    00000004     project_zero_app_pem4f.oem4f (.data:ti_sysbios_family_arm_m3_Hwi_Module_State_0_excContext__A)
                  20003a9c    00000004     project_zero_app_pem4f.oem4f (.data:ti_sysbios_family_arm_m3_Hwi_Module_State_0_excStack__A)
                  20003aa0    00000004     project_zero_app_pem4f.oem4f (.data:ti_sysbios_knl_Task_Module_State_0_idleTask__A)
                  20003aa4    00000002     StackWrapper_coc.a : osal_cbtimer.o (.data)
                  20003aa6    00000002     button_service.obj (.data)
                  20003aa8    00000002     data_service.obj (.data)
                  20003aaa    00000002     drivers_cc13x2.aem4f : CryptoResourceCC26XX.oem4f (.data)
                  20003aac    00000002                          : PKAResourceCC26XX.oem4f (.data)
                  20003aae    00000002                          : TRNGCC26XX.oem4f (.data)
                  20003ab0    00000002     led_service.obj (.data)
                  20003ab2    00000002     oad.obj (.data)
                  20003ab4    00000002     project_zero_app_pem4f.oem4f (.data:ti_sysbios_family_arm_m3_Hwi_Module_State_0_excActive__A)
                  20003ab6    00000001     OneLib_coc.a : gapgattserver.o (.data)
                  20003ab7    00000001                  : gapgattserver.o (.data)
                  20003ab8    00000001                  : gapgattserver.o (.data)
                  20003ab9    00000001                  : gapgattserver.o (.data)
                  20003aba    00000001                  : ll_data.o (.data)
                  20003abb    00000001                  : ll_scheduler.o (.data)
                  20003abc    00000001     StackWrapper_coc.a : gap.o (.data)
                  20003abd    00000001                        : gap.o (.data)
                  20003abe    00000001                        : hal_assert.o (.data)
                  20003abf    00000001     acclService.obj (.data)
                  20003ac0    00000001     drivers_cc13x2.aem4f : AESCCMCC26XX.oem4f (.data)
                  20003ac1    00000001                          : AESCTRCC26XX.oem4f (.data)
                  20003ac2    00000001                          : AESCTRDRBGXX.oem4f (.data)
                  20003ac3    00000001                          : AESECBCC26XX.oem4f (.data)
                  20003ac4    00000001                          : ECDHCC26X2.oem4f (.data)
                  20003ac5    00000001                          : NVS.oem4f (.data)
                  20003ac6    00000001                          : SPI.oem4f (.data)
                  20003ac7    00000001                          : UART.oem4f (.data)
                  20003ac8    00000001     rf_multiMode_cc13x2.aem4f : rf_patch_cpe_multi_protocol_rtls.c.cc13x2.ccs.o (.data)

.bss       0    20003ad0    00001154     UNINITIALIZED
                  20003ad0    00000470     rf_multiMode_cc13x2.aem4f : RFCC26X2_multiMode.c.cc13x2.ccs.o (.bss:$O1$$)
                  20003f40    00000300     project_zero_app_pem4f.oem4f (.bss:taskStackSection)
                  20004240    0000012c     (.common:uartCC26XXObjects)
                  2000436c    00000100     (.common:crcBuf)
                  2000446c    000000d8     (.common:ti_sysbios_family_arm_m3_Hwi_dispatchTable)
                  20004544    000000d4     (.common:spiCC26X2DMAObjects)
                  20004618    0000007c     (.common:pinHandleTable)
                  20004694    00000078     StackWrapper_coc.a : osal_cbtimer.o (.bss)
                  2000470c    00000058     (.common:aesctrdrbgXXObjects)
                  20004764    0000004c     (.common:trngCC26XXObjects)
                  200047b0    00000040     ti_drivers_config.obj (.bss:verifyBuf)
                  200047f0    00000034     drivers_cc13x2.aem4f : PINCC26XX.oem4f (.bss:pinSwi)
                  20004824    00000030     StackWrapper_coc.a : osal_snv_wrapper.o (.bss)
                  20004854    00000024     OneLib_coc.a : ll_common.o (.bss)
                  20004878    00000020     StackWrapper_coc.a : gapbondmgr.o (.bss)
                  20004898    00000020                        : gapbondmgr.o (.bss)
                  200048b8    00000020     drivers_cc13x2.aem4f : GPIOCC26XX.oem4f (.bss:gpioCallbackInfo)
                  200048d8    00000020                          : PINCC26XX.oem4f (.bss:pinGpioConfigTable)
                  200048f8    00000020     ti_drivers_config.obj (.bss:uartCC26XXRingBuffer0)
                  20004918    00000020     (.common:ecdhCC26X2Objects)
                  20004938    00000020     (.common:udmaCC26XXObject)
                  20004958    0000001c     driverlib.lib : osc.obj (.bss:$O24$$)
                  20004974    0000001c     drivers_cc13x2.aem4f : TRNGCC26XX.oem4f (.bss:TRNGCC26XX_hwi)
                  20004990    0000001c                          : TRNGCC26XX.oem4f (.bss:entropyPool)
                  200049ac    0000001c                          : PINCC26XX.oem4f (.bss:pinHwi)
                  200049c8    0000001c                          : PINCC26XX.oem4f (.bss:pinSemaphore)
                  200049e4    0000001c     (.common:CryptoResourceCC26XX_accessSemaphore)
                  20004a00    0000001c     (.common:CryptoResourceCC26XX_hwi)
                  20004a1c    0000001c     (.common:CryptoResourceCC26XX_operationSemaphore)
                  20004a38    0000001c     (.common:PKAResourceCC26XX_accessSemaphore)
                  20004a54    0000001c     (.common:PKAResourceCC26XX_hwi)
                  20004a70    0000001c     (.common:PKAResourceCC26XX_operationSemaphore)
                  20004a8c    00000018     OneLib_coc.a : gapgattserver.o (.bss)
                  20004aa4    00000018     (.common:aesccmCC26XXObjects)
                  20004abc    00000018     (.common:aesctrCC26XXObjects)
                  20004ad4    00000018     (.common:aesecbCC26XXObjects)
                  20004aec    00000014     rf_multiMode_cc13x2.aem4f : RFCC26X2_multiMode.c.cc13x2.ccs.o (.bss:RF_ratSyncCmd)
                  20004b00    00000014     drivers_cc13x2.aem4f : Random.oem4f (.bss:state)
                  20004b14    00000010                          : NVSSPI25X.oem4f (.bss:spiHandles)
                  20004b24    0000000c     OneLib_coc.a : ll.o (.bss)
                  20004b30    0000000c                  : ll_scheduler.o (.bss)
                  20004b3c    0000000c     drivers_cc13x2.aem4f : NVSCC26XX.oem4f (.bss)
                  20004b48    0000000c                          : NVSSPI25X.oem4f (.bss)
                  20004b54    0000000c                          : GPIOCC26XX.oem4f (.bss:gpioPinState)
                  20004b60    0000000c     (.common:nvsSPI25XObjects)
                  20004b6c    00000008     OneLib_coc.a : ll.o (.bss)
                  20004b74    00000008     StackWrapper_coc.a : rtls_srv.o (.bss)
                  20004b7c    00000008     drivers_cc13x2.aem4f : GPIOCC26XX.oem4f (.bss)
                  20004b84    00000004     OneLib_coc.a : gapgattserver.o (.bss)
                  20004b88    00000004                  : ll.o (.bss)
                  20004b8c    00000004                  : ll.o (.bss)
                  20004b90    00000004                  : ll.o (.bss)
                  20004b94    00000004                  : ll.o (.bss)
                  20004b98    00000004                  : ll.o (.bss)
                  20004b9c    00000004                  : ll.o (.bss)
                  20004ba0    00000004                  : ll_common.o (.bss)
                  20004ba4    00000004                  : ll_enc.o (.bss)
                  20004ba8    00000004                  : ll_privacy.o (.bss)
                  20004bac    00000004     StackWrapper_coc.a : gapbondmgr.o (.bss)
                  20004bb0    00000004                        : gapbondmgr.o (.bss)
                  20004bb4    00000004                        : osal.o (.bss)
                  20004bb8    00000004                        : osal.o (.bss)
                  20004bbc    00000004                        : osal.o (.bss)
                  20004bc0    00000004                        : osal.o (.bss)
                  20004bc4    00000004                        : osal.o (.bss)
                  20004bc8    00000004                        : osal.o (.bss)
                  20004bcc    00000004                        : osal_bufmgr.o (.bss)
                  20004bd0    00000004                        : osal_clock.o (.bss)
                  20004bd4    00000004                        : osal_clock.o (.bss)
                  20004bd8    00000004                        : osal_timers.o (.bss)
                  20004bdc    00000004                        : osal_timers.o (.bss)
                  20004be0    00000004                        : osal_timers.o (.bss)
                  20004be4    00000004                        : rtls_srv.o (.bss)
                  20004be8    00000004     drivers_cc13x2.aem4f : ECDHCC26X2.oem4f (.bss)
                  20004bec    00000004                          : PINCC26XX.oem4f (.bss)
                  20004bf0    00000004                          : NVSSPI25X.oem4f (.bss:spiHandleUsers)
                  20004bf4    00000004     (.common:ClockP_tickPeriod)
                  20004bf8    00000004     (.common:PowerCC26XX_swiKey)
                  20004bfc    00000004     (.common:PowerCC26XX_taskKey)
                  20004c00    00000004     (.common:nvsCC26XXObjects)
                  20004c04    00000004     (.common:tasksEvents)
                  20004c08    00000002     OneLib_coc.a : gapgattserver.o (.bss)
                  20004c0a    00000002                  : ll.o (.bss)
                  20004c0c    00000002                  : ll_slave_end_causes.o (.bss)
                  20004c0e    00000002     StackWrapper_coc.a : osal_pwrmgr.o (.bss)
                  20004c10    00000001     OneLib_coc.a : gapgattserver.o (.bss)
                  20004c11    00000001                  : hci_tl.o (.bss)
                  20004c12    00000001                  : hci_tl.o (.bss)
                  20004c13    00000001                  : hci_tl.o (.bss)
                  20004c14    00000001                  : hci_tl.o (.bss)
                  20004c15    00000001                  : hci_tl.o (.bss)
                  20004c16    00000001                  : ll.o (.bss)
                  20004c17    00000001                  : ll.o (.bss)
                  20004c18    00000001                  : ll_config.o (.bss)
                  20004c19    00000001                  : ll_config.o (.bss)
                  20004c1a    00000001                  : ll_enc.o (.bss)
                  20004c1b    00000001     StackWrapper_coc.a : ble_dispatch_lite.o (.bss)
                  20004c1c    00000001                        : gapbondmgr.o (.bss)
                  20004c1d    00000001                        : gapbondmgr.o (.bss)
                  20004c1e    00000001                        : hal_assert.o (.bss)
                  20004c1f    00000001                        : osal.o (.bss)
                  20004c20    00000001                        : osal_pwrmgr.o (.bss)
                  20004c21    00000001                        : rtls_srv.o (.bss)
                  20004c22    00000001     rf_multiMode_cc13x2.aem4f : RFCC26X2_multiMode.c.cc13x2.ccs.o (.bss)
                  20004c23    00000001     (.common:driverlib_release_0_55938)

.vtable    0    20004c24    00000000     UNINITIALIZED

.vtable_ram 
*          0    20004c24    00000000     UNINITIALIZED

vtable_ram 
*          0    20004c24    00000000     UNINITIALIZED

.sysmem    0    20004c24    00000000     UNINITIALIZED

.nonretenvar 
*          0    20004c24    00000000     UNINITIALIZED

.stack     0    20013c00    00000400     UNINITIALIZED
                  20013c00    00000400     --HOLE--

.text      0    000000d0    0001be28     
                  000000d0    000011e8     project_zero.obj (.text:ProjectZero_taskFxn$3)
                  000012b8    00000df0     StackWrapper_coc.a : gapbondmgr.o (.text)
                  000020a8    00000774     project_zero.obj (.text:ProjectZero_init$3)
                  0000281c    000006c7     project_zero.obj (.text:ProjectZero_bootManagerCheck$3)
                  00002ee3    00000001     --HOLE-- [fill = 0]
                  00002ee4    000004e4     OneLib_coc.a : ll_slave_end_causes.o (.text)
                  000033c8    000004a8     nvocmp.obj (.text:NVOCMP_initNvApi$6)
                  00003870    0000049c     rf_multiMode_cc13x2.aem4f : RFCC26X2_multiMode.c.cc13x2.ccs.o (.text:RF_fsmActiveState)
                  00003d0c    00000464     OneLib_coc.a : ll.o (.text)
                  00004170    00000444     StackWrapper_coc.a : gapbondmgr.o (.text)
                  000045b4    00000428     OneLib_coc.a : ll_isr.o (.text)
                  000049dc    000003f4     oad.obj (.text:oadProcessExtControlCmd$9)
                  00004dd0    0000034c     OneLib_coc.a : ble.o (.text)
                  0000511c    00000330                  : ll_isr.o (.text)
                  0000544c    00000318                  : ll_slave_end_causes.o (.text)
                  00005764    00000304                  : hci_event.o (.text)
                  00005a68    000002ec     drivers_cc13x2.aem4f : SPICC26X2DMA.oem4f (.text:SPICC26X2DMA_transfer)
                  00005d54    000002b4     OneLib_coc.a : ll_ae.o (.text)
                  00006008    000002ac                  : ll_common.o (.text)
                  000062b4    0000029c     data_service.obj (.text:Data_Service_WriteAttrCB$12)
                  00006550    0000029c     nvocmp.obj (.text:NVOCMP_compactPage$6)
                  000067ec    00000290     OneLib_coc.a : ll_data.o (.text)
                  00006a7c    0000028c     nvocmp.obj (.text:NVOCMP_addItem$6)
                  00006d08    00000284     OneLib_coc.a : ll.o (.text)
                  00006f8c    00000278     nvocmp.obj (.text:NVOCMP_compact$6)
                  00007204    00000278     OneLib_coc.a : ll_master_end_causes.o (.text)
                  0000747c    0000025c     rf_multiMode_cc13x2.aem4f : RFCC26X2_multiMode.c.cc13x2.ccs.o (.text:RF_open)
                  000076d8    0000025c     drivers_cc13x2.aem4f : SPICC26X2DMA.oem4f (.text:SPICC26X2DMA_hwiFxn)
                  00007934    0000025c     oad.obj (.text:oadImgBlockWrite$9)
                  00007b90    00000244     OneLib_coc.a : ll_common.o (.text)
                  00007dd4    00000238                  : ll_scheduler.o (.text)
                  0000800c    00000234     oad.obj (.text:oadImgIdentifyWrite$9)
                  00008240    00000230     OneLib_coc.a : ll_scheduler.o (.text)
                  00008470    00000230     StackWrapper_coc.a : gapbondmgr.o (.text)
                  000086a0    00000210     data_service.obj (.text:DataService_SetParameter)
                  000088b0    00000204     button_service.obj (.text:ButtonService_SetParameter)
                  00008ab4    00000204     OneLib_coc.a : ll_isr.o (.text)
                  00008cb8    00000204                  : ll_master_end_causes.o (.text)
                  00008ebc    00000204     rf_multiMode_cc13x2.aem4f : RFCC26X2_multiMode.c.cc13x2.ccs.o (.text:RF_scheduleCmd)
                  000090c0    00000200     OneLib_coc.a : gattservapp.o (.text)
                  000092c0    000001fe     main.obj (.text:AssertHandler)
                  000094be    00000002     ble_user_config.obj (.text:DefaultAssertCback)
                  000094c0    000001dc     StackWrapper_coc.a : osal.o (.text)
                  0000969c    000001da     OneLib_coc.a : hci_event.o (.text)
                  00009876    00000002     rf_multiMode_cc13x2.aem4f : rfc.c.cc13x2.ccs.o (.text:NOROM_RFCCpePatchReset)
                  00009878    000001d8     led_service.obj (.text:LED_Service_WriteAttrCB$16)
                  00009a50    000001d4     osal_icall_ble.obj (.text:stack_main)
                  00009c24    000001d0     drivers_cc13x2.aem4f : ECDHCC26X2.oem4f (.text:ECDHCC26X2_runFSM)
                  00009df4    000001d0     OneLib_coc.a : ll.o (.text)
                  00009fc4    000001c8                  : ll.o (.text)
                  0000a18c    000001c4     drivers_cc13x2.aem4f : PINCC26XX.oem4f (.text:PIN_init)
                  0000a350    000001bc     OneLib_coc.a : hci_event.o (.text)
                  0000a50c    000001bc     UartLog.obj (.text:uartLog_flush)
                  0000a6c8    000001a8     drivers_cc13x2.aem4f : PowerCC26X2.oem4f (.text:Power_sleep)
                  0000a870    00000190     rf_multiMode_cc13x2.aem4f : RFCC26X2_multiMode.c.cc13x2.ccs.o (.text:RF_dispatchNextCmd)
                  0000aa00    00000190     drivers_cc13x2.aem4f : PowerCC26X2_calibrateRCOSC.oem4f (.text:calibrateRcoscHf1)
                  0000ab90    00000190     icall.obj (.text:icall_directAPI)
                  0000ad20    0000018c     drivers_cc13x2.aem4f : PowerCC26X2.oem4f (.text:Power_init)
                  0000aeac    0000018c                          : PowerCC26X2_calibrateRCOSC.oem4f (.text:runCalibrateFsm)
                  0000b038    00000180     OneLib_coc.a : ll.o (.text)
                  0000b1b8    0000017c                  : gattservapp.o (.text)
                  0000b334    00000174                  : ll_isr.o (.text)
                  0000b4a8    00000174     drivers_cc13x2.aem4f : SPICC26X2DMA.oem4f (.text:configNextTransfer)
                  0000b61c    00000170                          : SPICC26X2DMA.oem4f (.text:SPICC26X2DMA_transferCancel)
                  0000b78c    00000168                          : NVSSPI25X.oem4f (.text:NVSSPI25X_write)
                  0000b8f4    00000164     OneLib_coc.a : ll_common.o (.text)
                  0000ba58    00000164     drivers_cc13x2.aem4f : UARTCC26XX.oem4f (.text:UARTCC26XX_open)
                  0000bbbc    00000162     StackWrapper_coc.a : osal.o (.text)
                  0000bd1e    00000002     drivers_cc13x2.aem4f : NVSSPI25X.oem4f (.text:NVSSPI25X_deinitSpiCs)
                  0000bd20    00000160     button_service.obj (.text:Button_Service_ReadAttrCB$11)
                  0000be80    0000015c     crc32.obj (.text:CRC32_calc)
                  0000bfdc    0000015c     data_service.obj (.text:Data_Service_ReadAttrCB$12)
                  0000c138    0000015c     led_service.obj (.text:LED_Service_ReadAttrCB$16)
                  0000c294    00000154     driverlib.lib : sys_ctrl.obj (.text:NOROM_SysCtrlStandby)
                  0000c3e8    00000154     nvocmp.obj (.text:NVOCMP_migratePage$6)
                  0000c53c    00000154     rf_multiMode_cc13x2.aem4f : RFCC26X2_multiMode.c.cc13x2.ccs.o (.text:RF_initRadioSetup)
                  0000c690    00000154     drivers_cc13x2.aem4f : UARTCC26XX.oem4f (.text:UARTCC26XX_hwiIntFxn)
                  0000c7e4    00000150                          : SPICC26X2DMA.oem4f (.text:SPICC26X2DMA_open)
                  0000c934    0000014c     OneLib_coc.a : ll_common.o (.text)
                  0000ca80    0000014c                  : ll_data.o (.text)
                  0000cbcc    0000014c                  : ll_isr.o (.text)
                  0000cd18    00000148     rf_multiMode_cc13x2.aem4f : RFCC26X2_multiMode.c.cc13x2.ccs.o (.text:RF_fsmSetupState)
                  0000ce60    00000144     button_service.obj (.text:Button_Service_WriteAttrCB$11)
                  0000cfa4    00000144     OneLib_coc.a : ll.o (.text)
                  0000d0e8    00000140     drivers_cc13x2.aem4f : SPICC26X2DMA.oem4f (.text:initIO)
                  0000d228    0000013c     rf_multiMode_cc13x2.aem4f : RFCC26X2_multiMode.c.cc13x2.ccs.o (.text:RF_ratSetupChannel)
                  0000d364    0000013a     drivers_cc13x2.aem4f : UARTCC26XX.oem4f (.text:UARTCC26XX_read)
                  0000d49e    00000002     OneLib_coc.a : ll.o (.text)
                  0000d4a0    00000138     led_service.obj (.text:LedService_SetParameter)
                  0000d5d8    00000138     nvocmp.obj (.text:NVOCMP_findItem$6)
                  0000d710    00000138     drivers_cc13x2.aem4f : NVSCC26XX.oem4f (.text:NVSCC26XX_write)
                  0000d848    00000134     rf_multiMode_cc13x2.aem4f : RFCC26X2_multiMode.c.cc13x2.ccs.o (.text:RF_abortCmd)
                  0000d97c    00000130     drivers_cc13x2.aem4f : AESCCMCC26XX.oem4f (.text:AESCCM_startOperation)
                  0000daac    00000130     project_zero.obj (.text:ProjectZero_handleUpdateLinkEvent$3)
                  0000dbdc    00000130     StackWrapper_coc.a : gap.o (.text)
                  0000dd0c    0000012c     OneLib_coc.a : gap_advertiser.o (.text)
                  0000de38    00000128     StackWrapper_coc.a : rtls_srv.o (.text)
                  0000df60    00000124     OneLib_coc.a : ll_scheduler.o (.text)
                  0000e084    00000120     rf_multiMode_cc13x2.aem4f : RFCC26X2_multiMode.c.cc13x2.ccs.o (.text:RF_radioOpDoneCb)
                  0000e1a4    0000011c     OneLib_coc.a : ll_common.o (.text)
                  0000e2c0    00000114                  : sm_rsppairing.o (.text)
                  0000e3d4    00000114     StackWrapper_coc.a : gapbondmgr.o (.text)
                  0000e4e8    00000112     rf_multiMode_cc13x2.aem4f : RFCC26X2_multiMode.c.cc13x2.ccs.o (.text:RF_decodeOverridePointers)
                  0000e5fa    00000002     OneLib_coc.a : ll.o (.text)
                  0000e5fc    00000110     drivers_cc13x2.aem4f : GPIOCC26XX.oem4f (.text:GPIO_setConfig)
                  0000e70c    00000108     OneLib_coc.a : ll_isr.o (.text)
                  0000e814    00000106     project_zero_app_pem4f.oem4f (.text:xdc_runtime_System_printfExtend__I)
                  0000e91a    00000002     rf_multiMode_cc13x2.aem4f : RFCC26X2_multiMode.c.cc13x2.ccs.o (.text:RF_defaultCallback)
                  0000e91c    00000104     drivers_cc13x2.aem4f : AESECBCC26XX.oem4f (.text:AESECB_startOperation)
                  0000ea20    00000104     OneLib_coc.a : gap_task.o (.text)
                  0000eb24    00000100     drivers_cc13x2.aem4f : PowerCC26X2.oem4f (.text:configureXOSCHF)
                  0000ec24    000000fc     rf_multiMode_cc13x2.aem4f : RFCC26X2_multiMode.c.cc13x2.ccs.o (.text:RF_hwiCpe0Active)
                  0000ed20    000000fc     rtsv7M4_T_le_v4SPD16_eabi.lib : fd_mul_t2.asm.obj (.text)
                  0000ee1c    000000f8     drivers_cc13x2.aem4f : NVSSPI25X.oem4f (.text:NVSSPI25X_open)
                  0000ef14    000000f8                          : PINCC26XX.oem4f (.text:PINCC26XX_setIoCfg)
                  0000f00c    000000f4                          : AESCTRCC26XX.oem4f (.text:AESCTR_startOperation)
                  0000f100    000000f4                          : ECDHCC26X2.oem4f (.text:ECDH_computeSharedSecret)
                  0000f1f4    000000f4     OneLib_coc.a : ll.o (.text)
                  0000f2e8    000000f4     drivers_cc13x2.aem4f : SPICC26X2DMA.oem4f (.text:SPICC26X2DMA_control)
                  0000f3dc    000000f4     UartLog.obj (.text:UartLog_log)
                  0000f4d0    000000f0     OneLib_coc.a : ll_common.o (.text)
                  0000f5c0    000000f0     rf_multiMode_cc13x2.aem4f : RFCC26X2_multiMode.c.cc13x2.ccs.o (.text:RF_fsmPowerUpState)
                  0000f6b0    000000ec     nvocmp.obj (.text:NVOCMP_cleanPage$6)
                  0000f79c    000000ec     OneLib_coc.a : gattservapp.o (.text)
                  0000f888    000000e8     oad.obj (.text:oadWriteAttrCB$9)
                  0000f970    000000e4     OneLib_coc.a : ll.o (.text)
                  0000fa54    000000e4                  : ll_common.o (.text)
                  0000fb38    000000e2                  : gapgattserver.o (.text)
                  0000fc1a    00000002     StackWrapper_coc.a : common_rom_init.o (.text)
                  0000fc1c    000000e0                        : osal_timers.o (.text)
                  0000fcfc    000000e0     drivers_cc13x2.aem4f : UARTCC26XX.oem4f (.text:UARTCC26XX_write)
                  0000fddc    000000d8     driverlib.lib : setup.obj (.text:TrimAfterColdResetWakeupFromShutDown$32)
                  0000feb4    000000d4     OneLib_coc.a : ll.o (.text)
                  0000ff88    000000d4     rf_multiMode_cc13x2.aem4f : RFCC26X2_multiMode.c.cc13x2.ccs.o (.text:RF_pendCmd)
                  0001005c    000000d2                               : RFCC26X2_multiMode.c.cc13x2.ccs.o (.text:RF_updatePaConfiguration)
                  0001012e    00000002     StackWrapper_coc.a : hal_assert.o (.text)
                  00010130    000000d0     rf_multiMode_cc13x2.aem4f : RFCC26X2_multiMode.c.cc13x2.ccs.o (.text:RF_control)
                  00010200    000000d0                               : RFCC26X2_multiMode.c.cc13x2.ccs.o (.text:RF_swiHw)
                  000102d0    000000cc     OneLib_coc.a : hci_event.o (.text)
                  0001039c    000000cc                  : ll.o (.text)
                  00010468    000000cc     StackWrapper_coc.a : osal.o (.text)
                  00010534    000000c8     OneLib_coc.a : gapgattserver.o (.text)
                  000105fc    000000c8     drivers_cc13x2.aem4f : PowerCC26X2.oem4f (.text:Power_releaseDependency)
                  000106c4    000000c8     rf_multiMode_cc13x2.aem4f : RFCC26X2_multiMode.c.cc13x2.ccs.o (.text:RF_hwiTempLimit)
                  0001078c    000000c4     drivers_cc13x2.aem4f : GPIOCC26XX.oem4f (.text:GPIO_init)
                  00010850    000000c4     OneLib_coc.a : ll_scheduler.o (.text)
                  00010914    000000c4     drivers_cc13x2.aem4f : PowerCC26X2.oem4f (.text:Power_setDependency)
                  000109d8    000000c4     oad.obj (.text:oadCreateFactoryImageBackup)
                  00010a9c    000000c0     nvocmp.obj (.text:NVOCMP_erase$6)
                  00010b5c    000000c0     OneLib_coc.a : ll.o (.text)
                  00010c1c    000000c0                  : ll_isr.o (.text)
                  00010cdc    000000c0     drivers_cc13x2.aem4f : UARTCC26XX.oem4f (.text:UARTCC26XX_initIO)
                  00010d9c    000000bc                          : AESCTRDRBGXX.oem4f (.text:AESCTRDRBG_getBytes)
                  00010e58    000000bc     OneLib_coc.a : ll_ecc.o (.text)
                  00010f14    000000bc                  : ll_scheduler.o (.text)
                  00010fd0    000000bc                  : ll_scheduler.o (.text)
                  0001108c    000000bc     project_zero.obj (.text:ProjectZero_DataService_ValueChangeCB$3)
                  00011148    000000bc     main.obj (.text:main)
                  00011204    000000bb     project_zero.obj (.text:ProjectZero_LedService_ValueChangeCB$3)
                  000112bf    00000001     --HOLE-- [fill = 0]
                  000112c0    000000b8     OneLib_coc.a : ll_isr.o (.text)
                  00011378    000000b8     StackWrapper_coc.a : gapbondmgr.o (.text)
                  00011430    000000b8     drivers_cc13x2.aem4f : UARTCC26XX.oem4f (.text:UARTCC26XX_initHw)
                  000114e8    000000b8                          : NVSSPI25X.oem4f (.text:doErase)
                  000115a0    000000b4                          : ECDHCC26X2.oem4f (.text:ECDH_generatePublicKey)
                  00011654    000000b4     dpl_cc13x2.aem4f : PowerCC26X2_tirtos.oem4f (.text:PowerCC26XX_standbyPolicy)
                  00011708    000000b4     drivers_cc13x2.aem4f : TRNGCC26XX.oem4f (.text:TRNG_generateEntropy)
                  000117bc    000000b0                          : AESCTRDRBGXX.oem4f (.text:AESCTRDRBG_construct)
                  0001186c    000000b0     OneLib_coc.a : ll.o (.text)
                  0001191c    000000b0     project_zero.obj (.text:ProjectZero_ButtonService_CfgChangeCB$3)
                  000119cc    000000b0     devinfoservice.obj (.text:devInfo_ReadAttrCB$13)
                  00011a7c    000000ae     project_zero.obj (.text:ProjectZero_DataService_CfgChangeCB$3)
                  00011b2a    00000002     StackWrapper_coc.a : hal_assert.o (.text)
                  00011b2c    000000ac     drivers_cc13x2.aem4f : ECDHCC26X2.oem4f (.text:ECDHCC26X2_hwiFxn)
                  00011bd8    000000ac                          : PINCC26XX.oem4f (.text:PIN_open)
                  00011c84    000000a8     gattservapp_util.obj (.text:GATTServApp_ProcessCharCfg)
                  00011d2c    000000a8     driverlib.lib : setup.obj (.text:NOROM_SetupTrimDevice)
                  00011dd4    000000a8     OneLib_coc.a : hci_data.o (.text)
                  00011e7c    000000a8     StackWrapper_coc.a : gapbondmgr.o (.text)
                  00011f24    000000a8                        : osal_cbtimer.o (.text)
                  00011fcc    000000a6     drivers_cc13x2.aem4f : AESCTRDRBGXX.oem4f (.text:AESCTRDRBG_reseed)
                  00012072    00000002     StackWrapper_coc.a : onboard.o (.text)
                  00012074    000000a4     rf_multiMode_cc13x2.aem4f : RFCC26X2_multiMode.c.cc13x2.ccs.o (.text:RF_ratRestartChannels)
                  00012118    000000a0     OneLib_coc.a : ll_common.o (.text)
                  000121b8    000000a0                  : ll_slave_end_causes.o (.text)
                  00012258    000000a0     project_zero.obj (.text:ProjectZero_updatePHYStat$3)
                  000122f8    000000a0     auto_init.aem4f : auto_init.oem4f (.text)
                  00012398    000000a0     rom_sysbios.aem4f : rom_sysbios.obj (.text:ti_sysbios_knl_Task_setPri__E)
                  00012438    0000009c     nvocmp.obj (.text:NVOCMP_readHeader$6)
                  000124d4    0000009c     OneLib_coc.a : ll_common.o (.text)
                  00012570    0000009c                  : ll_ecc.o (.text)
                  0001260c    0000009c     rf_multiMode_cc13x2.aem4f : RFCC26X2_multiMode.c.cc13x2.ccs.o (.text:RF_calculateDispatchTime)
                  000126a8    0000009c     project_zero.obj (.text:buttonCallbackFxn$3)
                  00012744    0000009c     rtsv7M4_T_le_v4SPD16_eabi.lib : memcpy_t2.asm.obj (.text)
                  000127e0    00000098     OneLib_coc.a : ll_enc.o (.text)
                  00012878    00000098     StackWrapper_coc.a : rtls_srv.o (.text)
                  00012910    00000098     oad.obj (.text:oadFindExtFlMetaPage$9)
                  000129a8    00000098     drivers_cc13x2.aem4f : UARTCC26XX.oem4f (.text:writeTxFifoFlush)
                  00012a40    00000096                          : ECDHCC26X2.oem4f (.text:ECDHCC26X2_reverseCopyPad)
                  00012ad6    00000096     rtsv7M4_T_le_v4SPD16_eabi.lib : ull_div_t2.asm.obj (.text)
                  00012b6c    00000094     icall.obj (.text:ICall_setTimer)
                  00012c00    00000094     OneLib_coc.a : gatt_server.o (.text)
                  00012c94    00000094                  : ll.o (.text)
                  00012d28    00000094                  : ll_scheduler.o (.text)
                  00012dbc    00000094     project_zero.obj (.text:ProjectZero_sendParamUpdate$3)
                  00012e50    00000094     rf_multiMode_cc13x2.aem4f : RFCC26X2_multiMode.c.cc13x2.ccs.o (.text:RF_getInfo)
                  00012ee4    00000094     drivers_cc13x2.aem4f : TRNGCC26XX.oem4f (.text:TRNGCC26XX_hwiFxn)
                  00012f78    00000092     OneLib_coc.a : ll_isr.o (.text)
                  0001300a    00000092     drivers_cc13x2.aem4f : UARTCC26XX.oem4f (.text:UARTCC26XX_writeCancel)
                  0001309c    00000090     CC1352R1_LAUNCHXL_fxns.obj (.text:CC1352R1_LAUNCHXL_shutDownExtFlash)
                  0001312c    00000090     OneLib_coc.a : ll.o (.text)
                  000131bc    00000090                  : ll_ae.o (.text)
                  0001324c    00000090                  : ll_common.o (.text)
                  000132dc    00000090     rf_multiMode_cc13x2.aem4f : RFCC26X2_multiMode.c.cc13x2.ccs.o (.text:RF_discardPendCmd)
                  0001336c    00000090     project_zero.obj (.text:buttonDebounceSwiFxn$3)
                  000133fc    00000090     project_zero.obj (.text:util_arrtohex$3)
                  0001348c    0000008c     icall.obj (.text:ICall_heapMalloc)
                  00013518    0000008c     OneLib_coc.a : ll_scheduler.o (.text)
                  000135a4    0000008c     rf_multiMode_cc13x2.aem4f : RFCC26X2_multiMode.c.cc13x2.ccs.o (.text:RF_cmdDispatchTime)
                  00013630    0000008c     gattservapp_util.obj (.text:gattServApp_SendNotiInd$15)
                  000136bc    0000008c     rom_sysbios.aem4f : rom_sysbios.obj (.text:ti_sysbios_gates_GateMutexPri_enter__E)
                  00013748    0000008a     drivers_cc13x2.aem4f : AESCTRDRBGXX.oem4f (.text:AESCTRDRBGXX_updateState)
                  000137d2    00000002     rtsv7M4_T_le_v4SPD16_eabi.lib : _lock.c.obj (.text:_nop)
                  000137d4    00000088     driverlib.lib : osc.obj (.text:NOROM_OSCHF_AttemptToSwitchToXosc)
                  0001385c    00000088     OneLib_coc.a : gattservapp.o (.text)
                  000138e4    00000088                  : hci_event.o (.text)
                  0001396c    00000088                  : ll_common.o (.text)
                  000139f4    00000088     StackWrapper_coc.a : osal_cbtimer.o (.text)
                  00013a7c    00000088     drivers_cc13x2.aem4f : PowerCC26X2_calibrateRCOSC.oem4f (.text:calibrateRcoscHf2)
                  00013b04    00000088                          : PowerCC26X2.oem4f (.text:disableLFClockQualifiers)
                  00013b8c    00000088                          : PowerCC26X2_calibrateRCOSC.oem4f (.text:updateSubSecInc)
                  00013c14    00000084                          : NVSSPI25X.oem4f (.text:NVSSPI25X_close)
                  00013c98    00000084     OneLib_coc.a : ll_common.o (.text)
                  00013d1c    00000084     rf_multiMode_cc13x2.aem4f : RFCC26X2_multiMode.c.cc13x2.ccs.o (.text:RF_issueRadioFreeCb)
                  00013da0    00000084                               : RFCC26X2_multiMode.c.cc13x2.ccs.o (.text:RF_verifyGap)
                  00013e24    00000084     drivers_cc13x2.aem4f : UARTCC26XX.oem4f (.text:UARTCC26XX_close)
                  00013ea8    00000084     oad.obj (.text:oadSendNotification$9)
                  00013f2c    00000084     osal_icall_ble.obj (.text:osalInitTasks)
                  00013fb0    00000080     drivers_cc13x2.aem4f : NVSCC26XX.oem4f (.text:NVSCC26XX_open)
                  00014030    00000080     OneLib_coc.a : ll_enc.o (.text)
                  000140b0    00000080     oad.obj (.text:oadResetState$9)
                  00014130    00000080     rom_sysbios.aem4f : rom_sysbios.obj (.text:ti_sysbios_family_arm_cc26xx_Timer_start__E)
                  000141b0    0000007c     nvocmp.obj (.text:NVOCMP_readItemApi$6)
                  0001422c    0000007c     OneLib_coc.a : ll_enc.o (.text)
                  000142a8    0000007c     rf_multiMode_cc13x2.aem4f : RFCC26X2_multiMode.c.cc13x2.ccs.o (.text:RF_ratFreeChannel)
                  00014324    0000007c     StackWrapper_coc.a : gapbondmgr.o (.text)
                  000143a0    0000007c     drivers_cc13x2.aem4f : NVSSPI25X.oem4f (.text:doRead)
                  0001441c    0000007a     rtsv7M4_T_le_v4SPD16_eabi.lib : memset_t2.asm.obj (.text)
                  00014496    00000002     drivers_cc13x2.aem4f : PowerCC26X2.oem4f (.text:emptyClockFunc)
                  00014498    00000078     icall.obj (.text:ICall_heapInit)
                  00014510    00000078     nvocmp.obj (.text:NVOCMP_checkItem$6)
                  00014588    00000078     OneLib_coc.a : gattservapp.o (.text)
                  00014600    00000078                  : ll_common.o (.text)
                  00014678    00000078     StackWrapper_coc.a : osal_cbtimer.o (.text)
                  000146f0    00000078     rf_multiMode_cc13x2.aem4f : rf_patch_cpe_multi_protocol_rtls.c.cc13x2.ccs.o (.text:configureMultiProtocolRtlsPatch)
                  00014768    00000078     drivers_cc13x2.aem4f : NVSSPI25X.oem4f (.text:doWriteVerify)
                  000147e0    00000076     StackWrapper_coc.a : gap.o (.text)
                  00014856    00000002     drivers_cc13x2.aem4f : CryptoResourceCC26XX.oem4f (.text:errorSpin)
                  00014858    00000074     nvocmp.obj (.text:NVOCMP_writeItemApi$6)
                  000148cc    00000074     drivers_cc13x2.aem4f : PowerCC26X2_calibrateRCOSC.oem4f (.text:PowerCC26X2_auxISR)
                  00014940    00000074                          : TRNGCC26XX.oem4f (.text:TRNG_construct)
                  000149b4    00000074     rom_sysbios.aem4f : rom_sysbios.obj (.text:ti_sysbios_gates_GateMutexPri_leave__E)
                  00014a28    00000072     rf_multiMode_cc13x2.aem4f : RFCC26X2_multiMode.c.cc13x2.ccs.o (.text:RF_detachOverrides)
                  00014a9a    00000072     drivers_cc13x2.aem4f : SPICC26X2DMA.oem4f (.text:csnCallback)
                  00014b0c    00000070                          : AESCCMCC26XX.oem4f (.text:AESCCM_cleanup)
                  00014b7c    00000070     icall.obj (.text:ICall_heapGetStats)
                  00014bec    00000070     rf_multiMode_cc13x2.aem4f : rfc.c.cc13x2.ccs.o (.text:NOROM_RFCAnaDivTxOverride)
                  00014c5c    00000070     OneLib_coc.a : gatt_server.o (.text)
                  00014ccc    00000070                  : ll_enc.o (.text)
                  00014d3c    00000070     drivers_cc13x2.aem4f : PINCC26XX.oem4f (.text:PIN_add)
                  00014dac    00000070     rf_multiMode_cc13x2.aem4f : RFCC26X2_multiMode.c.cc13x2.ccs.o (.text:RF_hwiHw)
                  00014e1c    00000070     drivers_cc13x2.aem4f : Random.oem4f (.text:Random_seedAutomatic)
                  00014e8c    0000006e     OneLib_coc.a : gatt_server.o (.text)
                  00014efa    0000006e                  : ll_common.o (.text)
                  00014f68    0000006e     rf_multiMode_cc13x2.aem4f : RFCC26X2_multiMode.c.cc13x2.ccs.o (.text:RF_attachOverrides)
                  00014fd6    0000006e                               : RFCC26X2_multiMode.c.cc13x2.ccs.o (.text:RF_howToSchedule)
                  00015044    0000006e     rtsv7M4_T_le_v4SPD16_eabi.lib : ll_div_t2.asm.obj (.text)
                  000150b2    00000002     drivers_cc13x2.aem4f : PKAResourceCC26XX.oem4f (.text:errorSpin)
                  000150b4    0000006d     rom_sysbios.aem4f : rom_sysbios.obj (.text:xdc_runtime_System_formatNum__I)
                  00015121    00000001     --HOLE-- [fill = 0]
                  00015122    00000002     icall_api_lite.obj (.text:rfErrCb)
                  00015124    0000006c     OneLib_coc.a : ll_master_end_causes.o (.text)
                  00015190    0000006c     rf_multiMode_cc13x2.aem4f : RFCC26X2_multiMode.c.cc13x2.ccs.o (.text:RF_getCurrentTime)
                  000151fc    0000006c                               : RFCC26X2_multiMode.c.cc13x2.ccs.o (.text:RF_ratDisableChannel)
                  00015268    0000006c     StackWrapper_coc.a : osal.o (.text)
                  000152d4    0000006c                        : osal_cbtimer.o (.text)
                  00015340    0000006c                        : rtls_srv.o (.text)
                  000153ac    0000006c     oad.obj (.text:oadCheckDL$9)
                  00015418    0000006c     oad.obj (.text:oadFindCurrentImageHdr$9)
                  00015484    00000068     icall.obj (.text:ICall_send)
                  000154ec    00000068     icall.obj (.text:ICall_sendServiceComplete)
                  00015554    00000068     nvocmp.obj (.text:NVOCMP_findOffset$6)
                  000155bc    00000068     nvocmp.obj (.text:NVOCMP_findSignature$6)
                  00015624    00000068     OneLib_coc.a : gattservapp.o (.text)
                  0001568c    00000068     StackWrapper_coc.a : osal_timers.o (.text)
                  000156f4    00000068     rtsv7M4_T_le_v4SPD16_eabi.lib : copy_decompress_lzss.c.obj (.text:decompress:lzss:__TI_decompress_lzss)
                  0001575c    00000064     drivers_cc13x2.aem4f : AESCCMCC26XX.oem4f (.text:AESCCM_waitForResult)
                  000157c0    00000064                          : AESCTRCC26XX.oem4f (.text:AESCTR_waitForResult)
                  00015824    00000064                          : AESECBCC26XX.oem4f (.text:AESECB_waitForResult)
                  00015888    00000064     driverlib.lib : osc.obj (.text:NOROM_OSCHF_SwitchToRcOscTurnOffXosc)
                  000158ec    00000064                   : osc.obj (.text:NOROM_OSC_HPOSCRtcCompensate)
                  00015950    00000064     nvocmp.obj (.text:NVOCMP_copyItem$6)
                  000159b4    00000064     OneLib_coc.a : gapgattserver.o (.text)
                  00015a18    00000064                  : gattservapp.o (.text)
                  00015a7c    00000064     rf_multiMode_cc13x2.aem4f : RFCC26X2_multiMode.c.cc13x2.ccs.o (.text:RF_dispatchNextEvent)
                  00015ae0    00000064     drivers_cc13x2.aem4f : UARTCC26XX.oem4f (.text:UARTCC26XX_control)
                  00015b44    00000062     gattservapp_util.obj (.text:GATTServApp_ProcessCCCWriteReq)
                  00015ba6    00000062     StackWrapper_coc.a : icall_lite_translation.o (.text)
                  00015c08    00000062     drivers_cc13x2.aem4f : UARTCC26XX.oem4f (.text:UARTCC26XX_swiIntFxn)
                  00015c6a    00000002     rtsv7M4_T_le_v4SPD16_eabi.lib : div0.asm.obj (.text)
                  00015c6c    00000060     drivers_cc13x2.aem4f : AESCCMCC26XX.oem4f (.text:AESCCM_hwiFxn)
                  00015ccc    00000060                          : AESCTRCC26XX.oem4f (.text:AESCTR_hwiFxn)
                  00015d2c    00000060                          : AESECBCC26XX.oem4f (.text:AESECB_hwiFxn)
                  00015d8c    00000060                          : CryptoResourceCC26XX.oem4f (.text:CryptoResourceCC26XX_constructRTOSObjects)
                  00015dec    00000060                          : GPIOCC26XX.oem4f (.text:GPIO_write)
                  00015e4c    00000060     icall.obj (.text:ICall_createRemoteTasksAtRuntime)
                  00015eac    00000060     icall.obj (.text:ICall_enrollService)
                  00015f0c    00000060     OneLib_coc.a : ll_common.o (.text)
                  00015f6c    00000060     drivers_cc13x2.aem4f : PKAResourceCC26XX.oem4f (.text:PKAResourceCC26XX_constructRTOSObjects)
                  00015fcc    00000060     rf_multiMode_cc13x2.aem4f : RFCC26X2_multiMode.c.cc13x2.ccs.o (.text:RF_applyRfCorePatch)
                  0001602c    00000060     StackWrapper_coc.a : gapbondmgr.o (.text)
                  0001608c    00000060     drivers_cc13x2.aem4f : TRNGCC26XX.oem4f (.text:TRNGCC26XX_startTrng)
                  000160ec    0000005e     icall.obj (.text:ICall_fetchMsg)
                  0001614a    00000002     project_zero_app_pem4f.oem4f (.text:ti_sysbios_BIOS_nullFunc__I)
                  0001614c    0000005c     icall.obj (.text:ICall_pwrUpdActivityCounter)
                  000161a8    0000005c     nvocmp.obj (.text:NVOCMP_readItem$6)
                  00016204    0000005c     OneLib_coc.a : gattservapp.o (.text)
                  00016260    0000005c                  : ll_scheduler.o (.text)
                  000162bc    0000005c     drivers_cc13x2.aem4f : PINCC26XX.oem4f (.text:PIN_remove)
                  00016318    0000005c     rf_multiMode_cc13x2.aem4f : RFCC26X2_multiMode.c.cc13x2.ccs.o (.text:RF_syncCb)
                  00016374    0000005c     drivers_cc13x2.aem4f : NVSCC26XX.oem4f (.text:doErase)
                  000163d0    0000005c                          : SPICC26X2DMA.oem4f (.text:initHw)
                  0001642c    0000005c     project_zero_app_pem4f.oem4f (.text:xdc_runtime_Startup_getState__I)
                  00016488    00000058     drivers_cc13x2.aem4f : ECDHCC26X2.oem4f (.text:ECDH_construct)
                  000164e0    00000058     icall.obj (.text:ICall_wait)
                  00016538    00000058     OneLib_coc.a : ll_ae.o (.text)
                  00016590    00000058                  : ll_enc.o (.text)
                  000165e8    00000058     drivers_cc13x2.aem4f : PowerCC26X2_calibrateRCOSC.oem4f (.text:PowerCC26X2_initiateCalibration)
                  00016640    00000058     project_zero.obj (.text:ProjectZero_enqueueMsg$3)
                  00016698    00000058     rf_multiMode_cc13x2.aem4f : RFCC26X2_multiMode.c.cc13x2.ccs.o (.text:RF_fsmXOSCState)
                  000166f0    00000058                               : RFCC26X2_multiMode.c.cc13x2.ccs.o (.text:RF_hwiCpe0PowerFsm)
                  00016748    00000058     StackWrapper_coc.a : sm_ecc.o (.text)
                  000167a0    00000058     drivers_cc13x2.aem4f : TRNGCC26XX.oem4f (.text:TRNG_init)
                  000167f8    00000058     boot.aem4f : boot.oem4f (.text)
                  00016850    00000058     drivers_cc13x2.aem4f : NVSSPI25X.oem4f (.text:extFlashWaitReady)
                  000168a8    00000056     rf_multiMode_cc13x2.aem4f : RFCC26X2_multiMode.c.cc13x2.ccs.o (.text:RF_defaultSubmitPolicy)
                  000168fe    00000002     rom_sysbios.aem4f : rom_sysbios.obj (.text:ti_sysbios_heaps_HeapCallback_defaultDelete)
                  00016900    00000054     drivers_cc13x2.aem4f : AESCCMCC26XX.oem4f (.text:AESCCM_construct)
                  00016954    00000054                          : AESCTRCC26XX.oem4f (.text:AESCTR_construct)
                  000169a8    00000054                          : AESECBCC26XX.oem4f (.text:AESECB_construct)
                  000169fc    00000054     driverlib.lib : chipinfo.obj (.text:NOROM_ChipInfo_GetChipType)
                  00016a50    00000054     nvocmp.obj (.text:NVOCMP_doNVCRC$6)
                  00016aa4    00000054     drivers_cc13x2.aem4f : NVSCC26XX.oem4f (.text:NVSCC26XX_init)
                  00016af8    00000054     OneLib_coc.a : gattservapp.o (.text)
                  00016b4c    00000054                  : ll.o (.text)
                  00016ba0    00000054                  : ll_common.o (.text)
                  00016bf4    00000054     StackWrapper_coc.a : osal_bufmgr.o (.text)
                  00016c48    00000054     drivers_cc13x2.aem4f : StructRingBuf.oem4f (.text:StructRingBuf_put)
                  00016c9c    00000054     acclService.obj (.text:acclService_ReadAttrCB$2)
                  00016cf0    00000050     drivers_cc13x2.aem4f : AESCTRDRBGXX.oem4f (.text:AESCTRDRBGXX_addBigendCounter)
                  00016d40    00000050     button_service.obj (.text:Button_Service_findCharParamId$11)
                  00016d90    00000050     dpl_cc13x2.aem4f : ClockP_tirtos.oem4f (.text:ClockP_construct)
                  00016de0    00000050     data_service.obj (.text:Data_Service_findCharParamId$12)
                  00016e30    00000050     led_service.obj (.text:LED_Service_findCharParamId$16)
                  00016e80    00000050     OneLib_coc.a : ll_common.o (.text)
                  00016ed0    00000050                  : ll_common.o (.text)
                  00016f20    00000050                  : ll_enc.o (.text)
                  00016f70    00000050     rf_multiMode_cc13x2.aem4f : RFCC26X2_multiMode.c.cc13x2.ccs.o (.text:RF_wakeupNotification)
                  00016fc0    00000050     drivers_cc13x2.aem4f : SPICC26X2DMA.oem4f (.text:SPICC26X2DMA_close)
                  00017010    00000050     StackWrapper_coc.a : osal.o (.text)
                  00017060    00000050                        : osal_clock.o (.text)
                  000170b0    00000050     drivers_cc13x2.aem4f : TRNGCC26XX.oem4f (.text:TRNGCC26XX_waitForResult)
                  00017100    00000050                          : NVSSPI25X.oem4f (.text:extFlashSpiWrite)
                  00017150    00000050     oad.obj (.text:oadEnqueueMsg$9)
                  000171a0    0000004e     StackWrapper_coc.a : gap.o (.text)
                  000171ee    00000002     rom_sysbios.aem4f : rom_sysbios.obj (.text:xdc_runtime_SysCallback_defaultAbort)
                  000171f0    0000004c     icall.obj (.text:ICall_newTask$23)
                  0001723c    0000004c     nvocmp.obj (.text:NVOCMP_setItemInactive$6)
                  00017288    0000004c     OneLib_coc.a : ll.o (.text)
                  000172d4    0000004c                  : ll_scheduler.o (.text)
                  00017320    0000004c     drivers_cc13x2.aem4f : StructRingBuf.oem4f (.text:StructRingBuf_get)
                  0001736c    0000004c                          : UARTCC26XX.oem4f (.text:UARTCC26XX_readCancel)
                  000173b8    0000004c                          : UDMACC26XX.oem4f (.text:UDMACC26XX_open)
                  00017404    0000004c     util.obj (.text:Util_constructClock)
                  00017450    0000004c     rtsv7M4_T_le_v4SPD16_eabi.lib : cpy_tbl.c.obj (.text:copy_in)
                  0001749c    0000004c     drivers_cc13x2.aem4f : UARTCC26XX.oem4f (.text:startTxFifoEmptyClk)
                  000174e8    0000004c                          : PowerCC26X2.oem4f (.text:switchXOSCHF)
                  00017534    00000048     CC1352R1_LAUNCHXL_fxns.obj (.text:CC1352R1_LAUNCHXL_wakeUpExtFlash)
                  0001757c    00000048     rf_multiMode_cc13x2.aem4f : rfc.c.cc13x2.ccs.o (.text:NOROM_RFCSynthPowerDown)
                  000175c4    00000048     nvocmp.obj (.text:NVOCMP_write$6)
                  0001760c    00000048     drivers_cc13x2.aem4f : NVSSPI25X.oem4f (.text:NVSSPI25X_read)
                  00017654    00000048                          : NVS.oem4f (.text:NVS_open)
                  0001769c    00000048     OneLib_coc.a : hci_tl.o (.text)
                  000176e4    00000048                  : ll.o (.text)
                  0001772c    00000048                  : ll_ae.o (.text)
                  00017774    00000048                  : ll_ae.o (.text)
                  000177bc    00000048     drivers_cc13x2.aem4f : PINCC26XX.oem4f (.text:PIN_setOutputEnable)
                  00017804    00000048                          : PowerCC26X2_calibrateRCOSC.oem4f (.text:PowerCC26X2_RCOSC_clockFunc)
                  0001784c    00000048                          : PowerCC26X2.oem4f (.text:PowerCC26XX_switchXOSC_HF)
                  00017894    00000048     project_zero.obj (.text:ProjectZero_clearConnListEntry$3)
                  000178dc    00000048     drivers_cc13x2.aem4f : NVSCC26XX.oem4f (.text:disableFlashCache)
                  00017924    00000048                          : NVSSPI25X.oem4f (.text:extFlashMassErase)
                  0001796c    00000048     rtsv7M4_T_le_v4SPD16_eabi.lib : fd_toi_t2.asm.obj (.text)
                  000179b4    00000048     drivers_cc13x2.aem4f : UARTCC26XX.oem4f (.text:writeFinishedDoCallback)
                  000179fc    00000046                          : RingBuf.oem4f (.text:RingBuf_put)
                  00017a42    00000002     rom_sysbios.aem4f : rom_sysbios.obj (.text:xdc_runtime_SysCallback_defaultExit)
                  00017a44    00000044     drivers_cc13x2.aem4f : ECDHCC26X2.oem4f (.text:ECDHCC26X2_waitForResult)
                  00017a88    00000044     driverlib.lib : chipinfo.obj (.text:NOROM_ChipInfo_GetHwRevision)
                  00017acc    00000044     drivers_cc13x2.aem4f : NVSCC26XX.oem4f (.text:NVSCC26XX_read)
                  00017b10    00000044     OneLib_coc.a : gattservapp.o (.text)
                  00017b54    00000044                  : ll.o (.text)
                  00017b98    00000044                  : ll.o (.text)
                  00017bdc    00000044                  : ll_ae.o (.text)
                  00017c20    00000044     drivers_cc13x2.aem4f : PINCC26XX.oem4f (.text:PIN_swi)
                  00017c64    00000044                          : SPI.oem4f (.text:SPI_init)
                  00017ca8    00000044     StackWrapper_coc.a : osal.o (.text)
                  00017cec    00000044                        : osal_timers.o (.text)
                  00017d30    00000044     drivers_cc13x2.aem4f : UART.oem4f (.text:UART_init)
                  00017d74    00000044     oad.obj (.text:oadValidateCandidateHdr$9)
                  00017db8    00000044     rtsv7M4_T_le_v4SPD16_eabi.lib : fd_tou_t2.asm.obj (.text)
                  00017dfc    00000042     OneLib_coc.a : ll.o (.text)
                  00017e3e    00000042     drivers_cc13x2.aem4f : SPICC26X2DMA.oem4f (.text:SPICC26X2DMA_swiFxn)
                  00017e80    00000040                          : ECDHCC26X2.oem4f (.text:ECDHCC26X2_getPublicKeyResult)
                  00017ec0    00000040     nvocmp.obj (.text:NVOCMP_compactNvApi$6)
                  00017f00    00000040     OneLib_coc.a : gattservapp.o (.text)
                  00017f40    00000040                  : ll_common.o (.text)
                  00017f80    00000040                  : ll_scheduler.o (.text)
                  00017fc0    00000040     drivers_cc13x2.aem4f : PowerCC26X2.oem4f (.text:PowerCC26XX_isStableXOSC_HF)
                  00018000    00000040     project_zero.obj (.text:ProjectZero_createTask)
                  00018040    00000040     drivers_cc13x2.aem4f : Random.oem4f (.text:Random_getNumber)
                  00018080    00000040                          : RingBuf.oem4f (.text:RingBuf_get)
                  000180c0    00000040                          : SPI.oem4f (.text:SPI_open)
                  00018100    00000040     StackWrapper_coc.a : osal.o (.text)
                  00018140    00000040                        : osal_bufmgr.o (.text)
                  00018180    00000040                        : osal_bufmgr.o (.text)
                  000181c0    00000040                        : osal_timers.o (.text)
                  00018200    00000040     drivers_cc13x2.aem4f : TRNGCC26XX.oem4f (.text:TRNGCC26XX_copyToClient)
                  00018240    00000040                          : UART.oem4f (.text:UART_open)
                  00018280    00000040     oad.obj (.text:oadCheckFactoryImage$9)
                  000182c0    00000040     rtsv7M4_T_le_v4SPD16_eabi.lib : u_divt2.asm.obj (.text)
                  00018300    00000040     rom_sysbios.aem4f : rom_sysbios.obj (.text:ti_sysbios_family_arm_cc26xx_Timer_setThreshold__I)
                  00018340    00000040                       : rom_sysbios.obj (.text:ti_sysbios_heaps_HeapCallback_Module_startup__E)
                  00018380    0000003e     dpl_cc13x2.aem4f : HwiP_tirtos.oem4f (.text:HwiP_construct)
                  000183be    00000002     rom_sysbios.aem4f : rom_sysbios.obj (.text:xdc_runtime_SysCallback_defaultFlush)
                  000183c0    0000003c     nvocmp.obj (.text:NVOCMP_disableCache$6)
                  000183fc    0000003c     OneLib_coc.a : gattservapp.o (.text)
                  00018438    0000003c                  : gattservapp.o (.text)
                  00018474    0000003c                  : ll_ae.o (.text)
                  000184b0    0000003c                  : ll_scheduler.o (.text)
                  000184ec    0000003c     drivers_cc13x2.aem4f : PINCC26XX.oem4f (.text:PIN_setInterrupt)
                  00018528    0000003c                          : PINCC26XX.oem4f (.text:PIN_setOutputValue)
                  00018564    0000003c     rf_multiMode_cc13x2.aem4f : RFCC26X2_multiMode.c.cc13x2.ccs.o (.text:RF_cmdGet)
                  000185a0    0000003c                               : RFCC26X2_multiMode.c.cc13x2.ccs.o (.text:RF_cmdStoreEvents)
                  000185dc    0000003c     StackWrapper_coc.a : osal.o (.text)
                  00018618    0000003c                        : osal.o (.text)
                  00018654    0000003c                        : osal.o (.text)
                  00018690    0000003c                        : osal_timers.o (.text)
                  000186cc    0000003c                        : sm_ecc.o (.text)
                  00018708    0000003c     dpl_cc13x2.aem4f : SwiP_tirtos.oem4f (.text:SwiP_construct)
                  00018744    0000003c     acclService.obj (.text:acclService_WriteAttrCB$2)
                  00018780    0000003c     drivers_cc13x2.aem4f : NVSCC26XX.oem4f (.text:checkEraseRange)
                  000187bc    0000003c     rom_sysbios.aem4f : rom_sysbios.obj (.text:ti_sysbios_family_arm_m3_Hwi_construct2__E)
                  000187f8    0000003a     StackWrapper_coc.a : osal.o (.text)
                  00018832    0000003a     drivers_cc13x2.aem4f : NVSSPI25X.oem4f (.text:checkEraseRange)
                  0001886c    0000003a     oad.obj (.text:oadEraseExtFlashPages$9)
                  000188a6    00000002     rom_sysbios.aem4f : rom_sysbios.obj (.text:xdc_runtime_SysCallback_defaultPutch)
                  000188a8    00000038     driverlib.lib : osc.obj (.text:NOROM_OSC_HPOSCRelativeFrequencyOffsetGet)
                  000188e0    00000038     nvocmp.obj (.text:NVOCMP_findPage$6)
                  00018918    00000038     oad.obj (.text:OAD_getSWVersion)
                  00018950    00000038     OneLib_coc.a : hci.o (.text)
                  00018988    00000038                  : ll_common.o (.text)
                  000189c0    00000038                  : ll_enc.o (.text)
                  000189f8    00000038                  : ll_scheduler.o (.text)
                  00018a30    00000038     drivers_cc13x2.aem4f : PINCC26XX.oem4f (.text:PIN_setConfig)
                  00018a68    00000038     rf_multiMode_cc13x2.aem4f : RFCC26X2_multiMode.c.cc13x2.ccs.o (.text:RF_checkCmdFsError)
                  00018aa0    00000038                               : RFCC26X2_multiMode.c.cc13x2.ccs.o (.text:RF_powerConstraintRelease)
                  00018ad8    00000038     StackWrapper_coc.a : osal_timers.o (.text)
                  00018b10    00000038                        : rtls_srv.o (.text)
                  00018b48    00000038     drivers_cc13x2.aem4f : PowerCC26X2.oem4f (.text:notify)
                  00018b80    00000038                          : UARTCC26XX.oem4f (.text:readData)
                  00018bb8    00000038     rom_sysbios.aem4f : rom_sysbios.obj (.text:ti_sysbios_family_arm_cc26xx_Timer_getCurrentTick__E)
                  00018bf0    00000038     drivers_cc13x2.aem4f : UARTCC26XX.oem4f (.text:writeData)
                  00018c28    00000036                          : ECDHCC26X2.oem4f (.text:ECDHCC26X2_convertReturnValue)
                  00018c5e    00000036     StackWrapper_coc.a : ble_dispatch_lite.o (.text)
                  00018c94    00000036     drivers_cc13x2.aem4f : UDMACC26XX.oem4f (.text:UDMACC26XX_close)
                  00018cca    00000036     rom_sysbios.aem4f : rom_sysbios.obj (.text:ti_sysbios_family_arm_cc26xx_Timer_setNextTick__E)
                  00018d00    00000034     gattservapp_util.obj (.text:GATTServApp_InitCharCfg)
                  00018d34    00000034     icall.obj (.text:ICall_heapFree)
                  00018d68    00000034     icall.obj (.text:ICall_primEntityId2ServiceId$23)
                  00018d9c    00000034     icall.obj (.text:ICall_searchServiceEntity)
                  00018dd0    00000034     driverlib.lib : sys_ctrl.obj (.text:NOROM_SysCtrlIdle)
                  00018e04    00000034     nvocmp.obj (.text:NVOCMP_loadApiPtrsMin)
                  00018e38    00000034     drivers_cc13x2.aem4f : NVSSPI25X.oem4f (.text:NVSSPI25X_init)
                  00018e6c    00000034     OneLib_coc.a : hci.o (.text)
                  00018ea0    00000034                  : hci_tl.o (.text)
                  00018ed4    00000034                  : ll_scheduler.o (.text)
                  00018f08    00000034     rf_multiMode_cc13x2.aem4f : RFCC26X2_multiMode.c.cc13x2.ccs.o (.text:RF_runDirectImmediateCmd)
                  00018f3c    00000034     StackWrapper_coc.a : gapbondmgr.o (.text)
                  00018f70    00000034                        : icall_startup.o (.text)
                  00018fa4    00000034     drivers_cc13x2.aem4f : NVSSPI25X.oem4f (.text:extFlashPowerStandby)
                  00018fd8    00000034                          : NVSSPI25X.oem4f (.text:extFlashWriteEnable)
                  0001900c    00000034                          : UARTCC26XX.oem4f (.text:readData2RingBuf)
                  00019040    00000034     rom_sysbios.aem4f : rom_sysbios.obj (.text:ti_sysbios_knl_Swi_setPri__E)
                  00019074    00000032                       : rom_sysbios.obj (.text:ti_sysbios_gates_GateMutexPri_insertPri__I)
                  000190a6    00000002     --HOLE-- [fill = 0]
                  000190a8    00000030     drivers_cc13x2.aem4f : AESECBCC26XX.oem4f (.text:AESECB_cleanup)
                  000190d8    00000030                          : GPIOCC26XX.oem4f (.text:GPIO_hwiIntFxn)
                  00019108    00000030                          : GPIOCC26XX.oem4f (.text:GPIO_setCallback)
                  00019138    00000030     icall.obj (.text:ICall_dispatch$23)
                  00019168    00000030     icall.obj (.text:ICall_msecs2Ticks$23)
                  00019198    00000030     nvocmp.obj (.text:NVOCMP_verifyCRC$6)
                  000191c8    00000030     drivers_cc13x2.aem4f : NVSCC26XX.oem4f (.text:NVSCC26XX_erase)
                  000191f8    00000030                          : NVSSPI25X.oem4f (.text:NVSSPI25X_erase)
                  00019228    00000030     OneLib_coc.a : ll_scheduler.o (.text)
                  00019258    00000030     drivers_cc13x2.aem4f : PINCC26XX.oem4f (.text:PINCC26XX_setMux)
                  00019288    00000030                          : PowerCC26X2.oem4f (.text:Power_releaseConstraint)
                  000192b8    00000030                          : PowerCC26X2.oem4f (.text:Power_setConstraint)
                  000192e8    00000030     StackWrapper_coc.a : osal_timers.o (.text)
                  00019318    00000030                        : rtls_srv.o (.text)
                  00019348    00000030     drivers_cc13x2.aem4f : TRNGCC26XX.oem4f (.text:TRNGCC26XX_fillEntropyPool)
                  00019378    00000030     rf_multiMode_cc13x2.aem4f : rf_patch_cpe_multi_protocol_rtls.c.cc13x2.ccs.o (.text:applyMultiProtocolRtlsPatch)
                  000193a8    00000030     project_zero_app_pem4f.oem4f (.text:ti_sysbios_BIOS_atExitFunc__I)
                  000193d8    00000030     project_zero_app_pem4f.oem4f (.text:ti_sysbios_BIOS_startFunc__I)
                  00019408    00000030     rom_sysbios.aem4f : rom_sysbios.obj (.text:ti_sysbios_family_arm_cc26xx_Timer_initDevice__I)
                  00019438    00000030     project_zero_app_pem4f.oem4f (.text:ti_sysbios_gates_GateMutexPri_Object__create__S)
                  00019468    00000030     project_zero_app_pem4f.oem4f (.text:ti_sysbios_gates_GateMutexPri_create)
                  00019498    00000030     project_zero_app_pem4f.oem4f (.text:ti_sysbios_heaps_HeapCallback_Object__create__S)
                  000194c8    0000002e     icall_cc2650.obj (.text:ICallPlatform_pwrDispenseImpl$24)
                  000194f6    0000002e     icall_cc2650.obj (.text:ICallPlatform_pwrRequireImpl$24)
                  00019524    0000002e     OneLib_coc.a : gattservapp.o (.text)
                  00019552    0000002e                  : gattservapp.o (.text)
                  00019580    0000002e     project_zero.obj (.text:ProjectZero_passcodeCb$3)
                  000195ae    00000002     --HOLE-- [fill = 0]
                  000195b0    0000002c     acclService.obj (.text:AcclService_SetParameter)
                  000195dc    0000002c     icall.obj (.text:ICall_getLocalMsgEntityId)
                  00019608    0000002c     icall.obj (.text:ICall_msgEnqueue$23)
                  00019634    0000002c     icall.obj (.text:ICall_searchTask$23)
                  00019660    0000002c     nvocmp.obj (.text:NVOCMP_changePageState$6)
[...]
20000fad  gapScanEndReason                                                
20000fae  gapScanPackedAdvRptSize                                         
20000faf  fltPduTypeWanted                                                
20000fb0  fltPduTypeMask                                                  
20000fb1  gapTaskID                                                       
20000fb2  gattNumConns                                                    
20000fb3  gattTaskID                                                      
20000fb4  GATTServApp_TaskID                                              
20000fb5  maxNumPrepareWrites                                             
20000fb6  hciPTMenabled                                                   
20000fb7  ctrlToHostEnable                                                
20000fb8  l2capFlowCtrlMode                                               
20000fb9  l2capTaskID                                                     
20000fba  l2capNumChannels                                                
20000fbb  l2capNumDataPkts                                                
20000fbc  l2capNumPSM                                                     
20000fbd  l2capNumCoChannels                                              
20000fbe  l2cap_gattServAppTaskID                                         
20000fbf  l2capId                                                         
20000fc1  linkDBNumConns                                                  
20000fc2  linkDB_secureConnectionOnlyMode                                 
20000fc3  maxPduSize                                                      
20000fc4  rfFeModeBias                                                    
20000fc5  defaultPhy                                                      
20000fc6  maxNumTxDataBufs                                                
20000fc7  LL_TaskID                                                       
20000fc8  llState                                                         
20000fc9  rssiCorrection                                                  
20000fca  curTxPowerVal                                                   
20000fcb  maxTxPwrForDTM                                                  
20000fcc  onePktPerEvt                                                    
20000fcd  numComplPkts                                                    
20000fce  numComplPktsLimit                                               
20000fcf  numComplPktsFlush                                               
20000fd0  fastTxRespTime                                                  
20000fd1  slOverride                                                      
20000fd2  rxFifoFlowCtrl                                                  
20000fd3  numTxDataBufs                                                   
20000fd4  maxNumConns                                                     
20000fd5  aeCurHandle                                                     
20000fd6  aeCurAdvEnableHandle                                            
20000fd7  aeCurConnHandle                                                 
20000fd8  extScanIndex                                                    
20000fd9  extInitIndex                                                    
20000fda  scanState                                                       
20000fdb  lastPrimPhy                                                     
20000fdc  lastScanRsp                                                     
20000fdd  smTaskID                                                        
20000fde  SM_appExpectingKey                                              
20001b20  ramStartHere                                                    
20001bac  ledPinTable                                                     
20001bb8  buttonPinTable                                                  
20001d00  pzTask                                                          
20001d50  appTaskStack                                                    
20002550  uartLog_tail                                                    
20002551  uartLog_head                                                    
20002552  uartLog_evBufIsEmpty                                            
20002554  uartLog_evtNum                                                  
2000255c  uartLog_outBuf                                                  
20002608  uartLog_evBuf                                                   
20002cee  metaPage                                                        
20002eb0  PowerCC26X2_module                                              
20002fc0  ROM_stateStruct                                                 
20002fc0  ti_sysbios_knl_Clock_Module__state__V                           
20002fec  ti_sysbios_family_arm_cc26xx_TimestampProvider_Module__state__V 
20002ff0  xdc_runtime_Startup_Module__state__V                            
20002ff8  xdc_runtime_Registry_Module__state__V                           
20003000  ti_sysbios_BIOS_Module__state__V                                
20003024  ti_sysbios_knl_Swi_Module__state__V                             
20003040  ti_sysbios_knl_Task_Module__state__V                            
20003084  xdc_runtime_Memory_Module__state__V                             
20003088  xdc_runtime_System_Module__state__V                             
20003090  ti_sysbios_family_arm_m3_Hwi_Module__state__V                   
200030c4  ti_sysbios_family_arm_cc26xx_Timer_Module__state__V             
200031bc  gapAttrTbl                                                      
2000331c  ICall_enterCriticalSection                                      
20003320  ICall_leaveCriticalSection                                      
20003324  ICall_dispatcher                                                
20003338  heapmgrMemFreeTotal                                             
20003344  HEAPMGR_SIZE                                                    
20003438  pairMode                                                        
20003439  mitm                                                            
2000343a  ioCap                                                           
2000343b  bonding                                                         
2000343c  secureConnection                                                
2000343d  autoSyncWL                                                      
2000343e  eccReGenPolicy                                                  
2000343f  KeySize                                                         
20003440  removeLRUBond                                                   
20003441  KeyDistList                                                     
20003442  eccDebugKeys                                                    
20003443  advData1                                                        
20003454  scanResData1                                                    
20003466  attDeviceName                                                   
2000347c  advParams1                                                      
2000349a  gAction                                                         
2000349b  NVOCMP_size                                                     
200034c8  NVOCMP_nvHandle                                                 
20003554  llUserConfig                                                    
200035ac  RF_BLE_txPowerTable                                             
20003648  ti_sysbios_knl_Task_Object__table__V                            
20003694  patchedSlaveCtrlPktList                                         
20003698  ti_sysbios_family_arm_cc26xx_Timer_Object__table__V             
200036e0  gattAttrTbl                                                     
20003720  eccParams_NISTP256                                              
20003760  ti_sysbios_gates_GateMutex_Object__table__V                     
20003798  nvintfFncStruct                                                 
200037c8  ti_sysbios_knl_Swi_Module_State_0_readyQ__A                     
200037f8  ti_sysbios_knl_Swi_Object__table__V                             
20003828  ti_sysbios_knl_Task_Module_State_0_readyQ__A                    
20003858  pOverrides_bleCommon                                            
20003884  halAssertCback                                                  
200038a8  ti_sysbios_knl_Clock_Object__table__V                           
200038c8  xdc_runtime_Error_IgnoreBlock                                   
20003900  ti_sysbios_family_arm_m3_Hwi_Object__table__V                   
20003918  gpioCallbackFunctions                                           
2000392c  gpioPinConfigs                                                  
20003940  rfMode                                                          
20003950  sizeInfo                                                        
20003970  bleAppServiceInfoTable                                          
20003980  pfnBMAlloc                                                      
20003984  pfnBMFree                                                       
20003988  pRfErrCb                                                        
2000398c  lastAppOpcodeIdxSent                                            
20003990  pOverrides_ble2Mbps                                             
200039a0  pOverrides_bleCoded                                             
200039b0  user0Cfg                                                        
200039c0  pOverrides_ble1Mbps                                             
200039cc  ti_sysbios_heaps_HeapCallback_Object__table__V                  
200039e1  deviceNameCharProps                                             
200039e2  llUserConfig_maxPduSize                                         
200039ec  bleUserCfg_maxPduSize                                           
200039f0  appAssertCback                                                  
200039f4  _lock                                                           
200039f8  _unlock                                                         
200039fc  periConnParameters                                              
20003a04  pinUpperBound                                                   
20003a08  pinLowerBound                                                   
20003a14  ti_sysbios_family_arm_m3_Hwi_Module__root__V                    
20003a1c  ti_sysbios_gates_GateHwi_Module__root__V                        
20003a24  ti_sysbios_gates_GateMutexPri_Module__root__V                   
20003a2c  ti_sysbios_gates_GateMutex_Module__root__V                      
20003a34  ti_sysbios_hal_Hwi_Module__root__V                              
20003a3c  ti_sysbios_heaps_HeapCallback_Module__root__V                   
20003a44  ti_sysbios_heaps_HeapMem_Module__root__V                        
20003a4c  ti_sysbios_knl_Clock_Module__root__V                            
20003a54  ti_sysbios_knl_Event_Module__root__V                            
20003a5c  ti_sysbios_knl_Mailbox_Module__root__V                          
20003a64  ti_sysbios_knl_Queue_Module__root__V                            
20003a6c  ti_sysbios_knl_Semaphore_Module__root__V                        
20003a74  ti_sysbios_knl_Swi_Module__root__V                              
20003a7c  ti_sysbios_knl_Task_Module__root__V                             
20003a89  appearanceCharProps                                             
20003a8a  patchedMasterCtrlPktList                                        
20003a8c  icallServiceTblPtr                                              
20003a94  main_func_sp                                                    
20003a98  ti_sysbios_family_arm_m3_Hwi_Module_State_0_excContext__A       
20003a9c  ti_sysbios_family_arm_m3_Hwi_Module_State_0_excStack__A         
20003aa0  ti_sysbios_knl_Task_Module_State_0_idleTask__A                  
20003aa4  baseTaskID                                                      
20003aaa  CryptoResourceCC26XX_pollingFlag                                
20003aac  PKAResourceCC26XX_pollingFlag                                   
20003ab4  ti_sysbios_family_arm_m3_Hwi_Module_State_0_excActive__A        
20003ab6  periConnParamCharProps                                          
20003ab7  centAddrResCharProps                                            
20003ab8  centAddrRes                                                     
20003ab9  resolvablePrivateAddressOnlyCharProps                           
20003aba  sizeOfAllExtConnParam                                           
20003abb  rfRatHandle                                                     
20003abc  gapEndAppTaskID                                                 
20003abd  gapAppTaskID                                                    
20003abe  legacyMode                                                      
20003f40  ti_sysbios_knl_Task_Instance_State_0_stack__A                   
20004240  uartCC26XXObjects                                               
2000436c  crcBuf                                                          
2000446c  ti_sysbios_family_arm_m3_Hwi_dispatchTable                      
20004544  spiCC26X2DMAObjects                                             
20004618  pinHandleTable                                                  
20004694  cbTimers                                                        
2000470c  aesctrdrbgXXObjects                                             
20004764  trngCC26XXObjects                                               
20004824  nvFptrs                                                         
20004854  dmmPolicyManager                                                
20004878  gapBond_remoteOobData                                           
20004898  gapBond_localOobData                                            
20004918  ecdhCC26X2Objects                                               
20004938  udmaCC26XXObject                                                
200049e4  CryptoResourceCC26XX_accessSemaphore                            
20004a00  CryptoResourceCC26XX_hwi                                        
20004a1c  CryptoResourceCC26XX_operationSemaphore                         
20004a38  PKAResourceCC26XX_accessSemaphore                               
20004a54  PKAResourceCC26XX_hwi                                           
20004a70  PKAResourceCC26XX_operationSemaphore                            
20004a8c  deviceName                                                      
20004aa4  aesccmCC26XXObjects                                             
20004abc  aesctrCC26XXObjects                                             
20004ad4  aesecbCC26XXObjects                                             
20004b24  cteAntennaProp                                                  
20004b30  llTaskList                                                      
20004b60  nvsSPI25XObjects                                                
20004b6c  secondaryAdvChannelMap                                          
20004b74  gExtEvtState                                                    
20004b84  ggs_AppCBs                                                      
20004b88  LSTORecoveryArr                                                 
20004b8c  llCte                                                           
20004b90  llConnExtParam                                                  
20004b94  extStackSettings                                                
20004b98  trngHandle                                                      
20004b9c  enableRamCmd                                                    
20004ba0  llCurrentMappedChan                                             
20004ba4  drbgHandle                                                      
20004ba8  pRpaCfg                                                         
20004bac  gapBond_lruBondList                                             
20004bb0  gapBondStateNodeHead                                            
20004bb4  osal_syncHandle                                                 
20004bb8  osal_tickperiod                                                 
20004bbc  osal_max_msecs                                                  
20004bc0  osal_icallMsg_hook                                              
20004bc4  osal_qHead                                                      
20004bc8  osal_eventloop_hook                                             
20004bd4  OSAL_timeSeconds                                                
20004bd8  timerHead                                                       
20004be0  osal_last_timestamp                                             
20004be4  gAppCB                                                          
20004bf4  ClockP_tickPeriod                                               
20004bf8  PowerCC26XX_swiKey                                              
20004bfc  PowerCC26XX_taskKey                                             
20004c00  nvsCC26XXObjects                                                
20004c04  tasksEvents                                                     
20004c08  appearance                                                      
20004c0a  maximumPduSize                                                  
20004c0e  pwrmgr_attribute                                                
20004c10  resolvablePrivateAddressOnly                                    
20004c11  hciTaskID                                                       
20004c12  hciL2capTaskID                                                  
20004c13  hciGapTaskID                                                    
20004c14  hciSmpTaskID                                                    
20004c15  hciTestTaskID                                                   
20004c16  secondaryAdvChannelMapPopCount                                  
20004c17  scanReqRpt                                                      
20004c18  wlSize                                                          
20004c19  rlSize                                                          
20004c1a  decryptResult                                                   
20004c1b  icall_liteTaskId                                                
20004c1c  gapBond_removeLRUBond                                           
20004c1d  gapBond_syncRL                                                  
20004c1e  assertSubcause                                                  
20004c1f  osal_entity                                                     
20004c20  pwrmgr_initialized                                              
20004c21  gNumAnt                                                         
20004c23  driverlib_release_0_55938                                       
20004c24  heapStart                                                       
20013c00  __stack                                                         
20013c00  heapEnd                                                         
20014000  __STACK_END                                                     
20014000  __STACK_TOP                                                     
20014000  __UNUSED_SRAM_end__                                             
e000e000  ti_sysbios_family_arm_m3_Hwi_nvic                               
ffffffff  __TI_pprof_out_hndl                                             
ffffffff  __TI_prof_data_size                                             
ffffffff  __TI_prof_data_start                                            
ffffffff  __binit__                                                       
ffffffff  __c_args__                                                      
ffffffff  binit                                                           
UNDEFED   SHT$$INIT_ARRAY$$Base                                           
UNDEFED   SHT$$INIT_ARRAY$$Limit                                          

[2969 symbols]
